Archive member included to satisfy reference by file (symbol)

d:/mounriver_studio/toolchain/risc-v embedded gcc/bin/../lib/gcc/riscv-none-embed/8.2.0/../../../../riscv-none-embed/lib/rv32imafc/ilp32f\libm.a(lib_a-s_cos.o)
                              ./zf_device/zf_device_gnss.o (cos)
d:/mounriver_studio/toolchain/risc-v embedded gcc/bin/../lib/gcc/riscv-none-embed/8.2.0/../../../../riscv-none-embed/lib/rv32imafc/ilp32f\libm.a(lib_a-s_sin.o)
                              ./zf_device/zf_device_gnss.o (sin)
d:/mounriver_studio/toolchain/risc-v embedded gcc/bin/../lib/gcc/riscv-none-embed/8.2.0/../../../../riscv-none-embed/lib/rv32imafc/ilp32f\libm.a(lib_a-w_asin.o)
                              ./zf_device/zf_device_gnss.o (asin)
d:/mounriver_studio/toolchain/risc-v embedded gcc/bin/../lib/gcc/riscv-none-embed/8.2.0/../../../../riscv-none-embed/lib/rv32imafc/ilp32f\libm.a(lib_a-w_atan2.o)
                              ./zf_device/zf_device_gnss.o (atan2)
d:/mounriver_studio/toolchain/risc-v embedded gcc/bin/../lib/gcc/riscv-none-embed/8.2.0/../../../../riscv-none-embed/lib/rv32imafc/ilp32f\libm.a(lib_a-w_pow.o)
                              ./zf_device/zf_device_gnss.o (pow)
d:/mounriver_studio/toolchain/risc-v embedded gcc/bin/../lib/gcc/riscv-none-embed/8.2.0/../../../../riscv-none-embed/lib/rv32imafc/ilp32f\libm.a(lib_a-w_sqrt.o)
                              ./zf_device/zf_device_gnss.o (sqrt)
d:/mounriver_studio/toolchain/risc-v embedded gcc/bin/../lib/gcc/riscv-none-embed/8.2.0/../../../../riscv-none-embed/lib/rv32imafc/ilp32f\libm.a(lib_a-e_asin.o)
                              d:/mounriver_studio/toolchain/risc-v embedded gcc/bin/../lib/gcc/riscv-none-embed/8.2.0/../../../../riscv-none-embed/lib/rv32imafc/ilp32f\libm.a(lib_a-w_asin.o) (__ieee754_asin)
d:/mounriver_studio/toolchain/risc-v embedded gcc/bin/../lib/gcc/riscv-none-embed/8.2.0/../../../../riscv-none-embed/lib/rv32imafc/ilp32f\libm.a(lib_a-e_atan2.o)
                              d:/mounriver_studio/toolchain/risc-v embedded gcc/bin/../lib/gcc/riscv-none-embed/8.2.0/../../../../riscv-none-embed/lib/rv32imafc/ilp32f\libm.a(lib_a-w_atan2.o) (__ieee754_atan2)
d:/mounriver_studio/toolchain/risc-v embedded gcc/bin/../lib/gcc/riscv-none-embed/8.2.0/../../../../riscv-none-embed/lib/rv32imafc/ilp32f\libm.a(lib_a-e_pow.o)
                              d:/mounriver_studio/toolchain/risc-v embedded gcc/bin/../lib/gcc/riscv-none-embed/8.2.0/../../../../riscv-none-embed/lib/rv32imafc/ilp32f\libm.a(lib_a-w_pow.o) (__ieee754_pow)
d:/mounriver_studio/toolchain/risc-v embedded gcc/bin/../lib/gcc/riscv-none-embed/8.2.0/../../../../riscv-none-embed/lib/rv32imafc/ilp32f\libm.a(lib_a-e_rem_pio2.o)
                              d:/mounriver_studio/toolchain/risc-v embedded gcc/bin/../lib/gcc/riscv-none-embed/8.2.0/../../../../riscv-none-embed/lib/rv32imafc/ilp32f\libm.a(lib_a-s_cos.o) (__ieee754_rem_pio2)
d:/mounriver_studio/toolchain/risc-v embedded gcc/bin/../lib/gcc/riscv-none-embed/8.2.0/../../../../riscv-none-embed/lib/rv32imafc/ilp32f\libm.a(lib_a-e_sqrt.o)
                              d:/mounriver_studio/toolchain/risc-v embedded gcc/bin/../lib/gcc/riscv-none-embed/8.2.0/../../../../riscv-none-embed/lib/rv32imafc/ilp32f\libm.a(lib_a-w_sqrt.o) (__ieee754_sqrt)
d:/mounriver_studio/toolchain/risc-v embedded gcc/bin/../lib/gcc/riscv-none-embed/8.2.0/../../../../riscv-none-embed/lib/rv32imafc/ilp32f\libm.a(lib_a-k_cos.o)
                              d:/mounriver_studio/toolchain/risc-v embedded gcc/bin/../lib/gcc/riscv-none-embed/8.2.0/../../../../riscv-none-embed/lib/rv32imafc/ilp32f\libm.a(lib_a-s_cos.o) (__kernel_cos)
d:/mounriver_studio/toolchain/risc-v embedded gcc/bin/../lib/gcc/riscv-none-embed/8.2.0/../../../../riscv-none-embed/lib/rv32imafc/ilp32f\libm.a(lib_a-k_rem_pio2.o)
                              d:/mounriver_studio/toolchain/risc-v embedded gcc/bin/../lib/gcc/riscv-none-embed/8.2.0/../../../../riscv-none-embed/lib/rv32imafc/ilp32f\libm.a(lib_a-e_rem_pio2.o) (__kernel_rem_pio2)
d:/mounriver_studio/toolchain/risc-v embedded gcc/bin/../lib/gcc/riscv-none-embed/8.2.0/../../../../riscv-none-embed/lib/rv32imafc/ilp32f\libm.a(lib_a-k_sin.o)
                              d:/mounriver_studio/toolchain/risc-v embedded gcc/bin/../lib/gcc/riscv-none-embed/8.2.0/../../../../riscv-none-embed/lib/rv32imafc/ilp32f\libm.a(lib_a-s_cos.o) (__kernel_sin)
d:/mounriver_studio/toolchain/risc-v embedded gcc/bin/../lib/gcc/riscv-none-embed/8.2.0/../../../../riscv-none-embed/lib/rv32imafc/ilp32f\libm.a(lib_a-s_atan.o)
                              d:/mounriver_studio/toolchain/risc-v embedded gcc/bin/../lib/gcc/riscv-none-embed/8.2.0/../../../../riscv-none-embed/lib/rv32imafc/ilp32f\libm.a(lib_a-e_atan2.o) (atan)
d:/mounriver_studio/toolchain/risc-v embedded gcc/bin/../lib/gcc/riscv-none-embed/8.2.0/../../../../riscv-none-embed/lib/rv32imafc/ilp32f\libm.a(lib_a-s_fabs.o)
[...]
Memory Configuration

Name             Origin             Length             Attributes
RAM              0x0000000020000040 0x000000000001fc00 xrw
FLASH            0x0000000000000000 0x0000000000030000 xr
*default*        0x0000000000000000 0xffffffffffffffff

Linker script and memory map

LOAD ./zf_driver/zf_driver_adc.o
LOAD ./zf_driver/zf_driver_delay.o
LOAD ./zf_driver/zf_driver_dvp.o
LOAD ./zf_driver/zf_driver_encoder.o
LOAD ./zf_driver/zf_driver_exti.o
LOAD ./zf_driver/zf_driver_flash.o
LOAD ./zf_driver/zf_driver_gpio.o
LOAD ./zf_driver/zf_driver_iic.o
LOAD ./zf_driver/zf_driver_pit.o
LOAD ./zf_driver/zf_driver_pwm.o
LOAD ./zf_driver/zf_driver_soft_iic.o
LOAD ./zf_driver/zf_driver_soft_spi.o
LOAD ./zf_driver/zf_driver_spi.o
LOAD ./zf_driver/zf_driver_timer.o
LOAD ./zf_driver/zf_driver_uart.o
LOAD ./zf_driver/zf_driver_usb_cdc.o
LOAD ./zf_device/zf_device_absolute_encoder.o
LOAD ./zf_device/zf_device_aht20.o
LOAD ./zf_device/zf_device_bluetooth_ch9141.o
LOAD ./zf_device/zf_device_camera.o
LOAD ./zf_device/zf_device_dl1a.o
LOAD ./zf_device/zf_device_dl1b.o
LOAD ./zf_device/zf_device_dm1xa.o
LOAD ./zf_device/zf_device_gnss.o
LOAD ./zf_device/zf_device_icm20602.o
LOAD ./zf_device/zf_device_imu660ra.o
LOAD ./zf_device/zf_device_imu963ra.o
LOAD ./zf_device/zf_device_ips114.o
LOAD ./zf_device/zf_device_ips200.o
LOAD ./zf_device/zf_device_k24c02.o
LOAD ./zf_device/zf_device_key.o
LOAD ./zf_device/zf_device_mpu6050.o
LOAD ./zf_device/zf_device_mt9v03x_dvp.o
LOAD ./zf_device/zf_device_oled.o
LOAD ./zf_device/zf_device_scc8660_dvp.o
LOAD ./zf_device/zf_device_tft180.o
LOAD ./zf_device/zf_device_type.o
LOAD ./zf_device/zf_device_virtual_oscilloscope.o
LOAD ./zf_device/zf_device_w25q32.o
LOAD ./zf_device/zf_device_wifi_spi.o
LOAD ./zf_device/zf_device_wifi_uart.o
LOAD ./zf_device/zf_device_wireless_ch573.o
LOAD ./zf_device/zf_device_wireless_uart.o
LOAD ./zf_components/seekfree_assistant.o
LOAD ./zf_components/seekfree_assistant_interface.o
LOAD ./zf_common/zf_common_clock.o
LOAD ./zf_common/zf_common_debug.o
LOAD ./zf_common/zf_common_fifo.o
LOAD ./zf_common/zf_common_font.o
LOAD ./zf_common/zf_common_function.o
LOAD ./zf_common/zf_common_interrupt.o
LOAD ./user_c/isr.o
LOAD ./user_c/main000.o
LOAD ./sdk/Startup/startup_ch32v30x_D8C.o
LOAD ./sdk/Peripheral/ch32v30x_adc.o
LOAD ./sdk/Peripheral/ch32v30x_bkp.o
LOAD ./sdk/Peripheral/ch32v30x_can.o
LOAD ./sdk/Peripheral/ch32v30x_crc.o
LOAD ./sdk/Peripheral/ch32v30x_dac.o
LOAD ./sdk/Peripheral/ch32v30x_dbgmcu.o
LOAD ./sdk/Peripheral/ch32v30x_dma.o
LOAD ./sdk/Peripheral/ch32v30x_dvp.o
LOAD ./sdk/Peripheral/ch32v30x_eth.o
LOAD ./sdk/Peripheral/ch32v30x_exti.o
LOAD ./sdk/Peripheral/ch32v30x_flash.o
LOAD ./sdk/Peripheral/ch32v30x_fsmc.o
LOAD ./sdk/Peripheral/ch32v30x_gpio.o
LOAD ./sdk/Peripheral/ch32v30x_i2c.o
LOAD ./sdk/Peripheral/ch32v30x_iwdg.o
LOAD ./sdk/Peripheral/ch32v30x_opa.o
LOAD ./sdk/Peripheral/ch32v30x_pwr.o
LOAD ./sdk/Peripheral/ch32v30x_rcc.o
LOAD ./sdk/Peripheral/ch32v30x_rng.o
LOAD ./sdk/Peripheral/ch32v30x_rtc.o
LOAD ./sdk/Peripheral/ch32v30x_sdio.o
LOAD ./sdk/Peripheral/ch32v30x_spi.o
LOAD ./sdk/Peripheral/ch32v30x_tim.o
LOAD ./sdk/Peripheral/ch32v30x_usart.o
LOAD ./sdk/Peripheral/ch32v30x_usbotg_device.o
LOAD ./sdk/Peripheral/ch32v30x_wwdg.o
LOAD ./sdk/Core/core_riscv.o
LOAD ./code/circle.o
LOAD ./code/cross.o
LOAD ./code/img.o
LOAD ./code/pico_gy.o
LOAD ./code/pico_link_ii.o
LOAD ./code/show_send.o
LOAD d:/mounriver_studio/toolchain/risc-v embedded gcc/bin/../lib/gcc/riscv-none-embed/8.2.0/../../../../riscv-none-embed/lib/rv32imafc/ilp32f\libm.a
LOAD D:\车队stuff\carcode\左右搜线法xy\libraries\zf_device\libzf_device_config.a
LOAD d:/mounriver_studio/toolchain/risc-v embedded gcc/bin/../lib/gcc/riscv-none-embed/8.2.0/rv32imafc/ilp32f\libgcc.a
LOAD d:/mounriver_studio/toolchain/risc-v embedded gcc/bin/../lib/gcc/riscv-none-embed/8.2.0/../../../../riscv-none-embed/lib/rv32imafc/ilp32f\libg_nano.a
LOAD d:/mounriver_studio/toolchain/risc-v embedded gcc/bin/../lib/gcc/riscv-none-embed/8.2.0/../../../../riscv-none-embed/lib/rv32imafc/ilp32f\libc_nano.a
LOAD d:/mounriver_studio/toolchain/risc-v embedded gcc/bin/../lib/gcc/riscv-none-embed/8.2.0/rv32imafc/ilp32f\libgcc.a
START GROUP
LOAD d:/mounriver_studio/toolchain/risc-v embedded gcc/bin/../lib/gcc/riscv-none-embed/8.2.0/rv32imafc/ilp32f\libgcc.a
LOAD d:/mounriver_studio/toolchain/risc-v embedded gcc/bin/../lib/gcc/riscv-none-embed/8.2.0/../../../../riscv-none-embed/lib/rv32imafc/ilp32f\libc_nano.a
LOAD d:/mounriver_studio/toolchain/risc-v embedded gcc/bin/../lib/gcc/riscv-none-embed/8.2.0/../../../../riscv-none-embed/lib/rv32imafc/ilp32f\libnosys.a
END GROUP
START GROUP
LOAD d:/mounriver_studio/toolchain/risc-v embedded gcc/bin/../lib/gcc/riscv-none-embed/8.2.0/rv32imafc/ilp32f\libgcc.a
LOAD d:/mounriver_studio/toolchain/risc-v embedded gcc/bin/../lib/gcc/riscv-none-embed/8.2.0/../../../../riscv-none-embed/lib/rv32imafc/ilp32f\libc_nano.a
LOAD d:/mounriver_studio/toolchain/risc-v embedded gcc/bin/../lib/gcc/riscv-none-embed/8.2.0/../../../../riscv-none-embed/lib/rv32imafc/ilp32f\libnosys.a
END GROUP
                0x0000000000000800                __stack_size = 0x800
                [!provide]                        PROVIDE (_stack_size = __stack_size)

.init           0x0000000000000000       0x38
                0x0000000000000000                _sinit = .
                0x0000000000000000                . = ALIGN (0x4)
 *(SORT_NONE(.init))
 .init          0x0000000000000000       0x38 ./sdk/Startup/startup_ch32v30x_D8C.o
                0x0000000000000000                _start
                0x0000000000000038                . = ALIGN (0x4)
                0x0000000000000038                _einit = .

.vector         0x0000000000000038      0x1c8
 *(.vector)
 .vector        0x0000000000000038      0x1a0 ./sdk/Startup/startup_ch32v30x_D8C.o
                0x0000000000000200                . = ALIGN (0x40)
 *fill*         0x00000000000001d8       0x28 

.text           0x0000000000000200    0x1c2cc
                0x0000000000000200                . = ALIGN (0x4)
 *(.text)
 .text          0x0000000000000200       0xa8 d:/mounriver_studio/toolchain/risc-v embedded gcc/bin/../lib/gcc/riscv-none-embed/8.2.0/../../../../riscv-none-embed/lib/rv32imafc/ilp32f\libg_nano.a(lib_a-memset.o)
                0x0000000000000200                memset
 *(.text.*)
 .text.system_delay_ms
                0x00000000000002a8       0xa2 ./zf_driver/zf_driver_delay.o
                0x00000000000002a8                system_delay_ms
 .text.dvp_gpio_init
                0x000000000000034a      0x102 ./zf_driver/zf_driver_dvp.o
                0x000000000000034a                dvp_gpio_init
 .text.dvp_camera_init
                0x000000000000044c       0x8c ./zf_driver/zf_driver_dvp.o
                0x000000000000044c                dvp_camera_init
 .text.gpio_get_level
                0x00000000000004d8       0x42 ./zf_driver/zf_driver_gpio.o
                0x00000000000004d8                gpio_get_level
 .text.gpio_init
                0x000000000000051a      0x15c ./zf_driver/zf_driver_gpio.o
                0x000000000000051a                gpio_init
 .text.soft_iic_start
                0x0000000000000676      0x128 ./zf_driver/zf_driver_soft_iic.o
 .text.soft_iic_stop
                0x000000000000079e      0x142 ./zf_driver/zf_driver_soft_iic.o
 .text.soft_iic_send_ack
                0x00000000000008e0      0x196 ./zf_driver/zf_driver_soft_iic.o
 .text.soft_iic_wait_ack
                0x0000000000000a76      0x15e ./zf_driver/zf_driver_soft_iic.o
 .text.soft_iic_send_data
                0x0000000000000bd4      0x16e ./zf_driver/zf_driver_soft_iic.o
 .text.soft_iic_read_data
                0x0000000000000d42      0x1e8 ./zf_driver/zf_driver_soft_iic.o
 .text.soft_iic_sccb_write_register
                0x0000000000000f2a       0x80 ./zf_driver/zf_driver_soft_iic.o
                0x0000000000000f2a                soft_iic_sccb_write_register
 .text.soft_iic_sccb_read_register
                0x0000000000000faa       0xb4 ./zf_driver/zf_driver_soft_iic.o
                0x0000000000000faa                soft_iic_sccb_read_register
 .text.soft_iic_init
                0x000000000000105e       0xb2 ./zf_driver/zf_driver_soft_iic.o
                0x000000000000105e                soft_iic_init
 .text.spi_write_8bit
                0x0000000000001110       0x56 ./zf_driver/zf_driver_spi.o
                0x0000000000001110                spi_write_8bit
 .text.spi_write_16bit
                0x0000000000001166       0xa4 ./zf_driver/zf_driver_spi.o
                0x0000000000001166                spi_write_16bit
 .text.spi_init
                0x000000000000120a      0x2d4 ./zf_driver/zf_driver_spi.o
                0x000000000000120a                spi_init
 .text.timer_get
                0x00000000000014de       0xfe ./zf_driver/zf_driver_timer.o
                0x00000000000014de                timer_get
 .text.timer_clear
                0x00000000000015dc       0xc4 ./zf_driver/zf_driver_timer.o
                0x00000000000015dc                timer_clear
 .text.uart_write_byte
                0x00000000000016a0       0x56 ./zf_driver/zf_driver_uart.o
                0x00000000000016a0                uart_write_byte
 .text.uart_write_buffer
                0x00000000000016f6       0x64 ./zf_driver/zf_driver_uart.o
                0x00000000000016f6                uart_write_buffer
 .text.uart_write_string
                0x000000000000175a       0x60 ./zf_driver/zf_driver_uart.o
                0x000000000000175a                uart_write_string
 .text.uart_rx_interrupt
                0x00000000000017ba       0x84 ./zf_driver/zf_driver_uart.o
                0x00000000000017ba                uart_rx_interrupt
 .text.uart_query_byte
                0x000000000000183e       0x5e ./zf_driver/zf_driver_uart.o
                0x000000000000183e                uart_query_byte
 .text.uart_init
                0x000000000000189c      0x5aa ./zf_driver/zf_driver_uart.o
                0x000000000000189c                uart_init
 .text.dm1xa_sound_callback
                0x0000000000001e46       0xf6 ./zf_device/zf_device_dm1xa.o
                0x0000000000001e46                dm1xa_sound_callback
 .text.dm1xa_light_callback
                0x0000000000001f3c       0x32 ./zf_device/zf_device_dm1xa.o
                0x0000000000001f3c                dm1xa_light_callback
 .text.gnss_uart_callback
                0x0000000000001f6e      0x15c ./zf_device/zf_device_gnss.o
                0x0000000000001f6e                gnss_uart_callback
 .text.mt9v03x_set_config
                0x00000000000020ca      0x132 ./zf_device/zf_device_mt9v03x_dvp.o
 .text.mt9v03x_get_config
                0x00000000000021fc      0x176 ./zf_device/zf_device_mt9v03x_dvp.o
 .text.mt9v03x_uart_check_id
                0x0000000000002372       0xda ./zf_device/zf_device_mt9v03x_dvp.o
 .text.mt9v03x_uart_handler
                0x000000000000244c       0x4e ./zf_device/zf_device_mt9v03x_dvp.o
 .text.mt9v03x_dvp_handler
                0x000000000000249a       0x14 ./zf_device/zf_device_mt9v03x_dvp.o
                0x000000000000249a                mt9v03x_dvp_handler
 .text.mt9v03x_get_version
                0x00000000000024ae       0xb0 ./zf_device/zf_device_mt9v03x_dvp.o
                0x00000000000024ae                mt9v03x_get_version
 .text.mt9v03x_sccb_init
                0x000000000000255e       0xd8 ./zf_device/zf_device_mt9v03x_dvp.o
                0x000000000000255e                mt9v03x_sccb_init
 .text.mt9v03x_uart_init
                0x0000000000002636      0x2c0 ./zf_device/zf_device_mt9v03x_dvp.o
                0x0000000000002636                mt9v03x_uart_init
 .text.mt9v03x_init
                0x00000000000028f6       0xaa ./zf_device/zf_device_mt9v03x_dvp.o
                0x00000000000028f6                mt9v03x_init
 .text.tft180_write_index
                0x00000000000029a0       0x44 ./zf_device/zf_device_tft180.o
 .text.tft180_set_region
                0x00000000000029e4      0x1e8 ./zf_device/zf_device_tft180.o
 .text.tft180_debug_init
                0x0000000000002bcc       0x86 ./zf_device/zf_device_tft180.o
 .text.tft180_clear
                0x0000000000002c52       0x86 ./zf_device/zf_device_tft180.o
                0x0000000000002c52                tft180_clear
 .text.tft180_set_dir
                0x0000000000002cd8       0x50 ./zf_device/zf_device_tft180.o
                0x0000000000002cd8                tft180_set_dir
 .text.tft180_set_color
                0x0000000000002d28       0x2c ./zf_device/zf_device_tft180.o
                0x0000000000002d28                tft180_set_color
 .text.tft180_show_char
                0x0000000000002d54      0x2a2 ./zf_device/zf_device_tft180.o
                0x0000000000002d54                tft180_show_char
 .text.tft180_show_string
                0x0000000000002ff6      0x110 ./zf_device/zf_device_tft180.o
                0x0000000000002ff6                tft180_show_string
 .text.tft180_show_gray_image
                0x0000000000003106      0x23e ./zf_device/zf_device_tft180.o
                0x0000000000003106                tft180_show_gray_image
 .text.tft180_init
                0x0000000000003344      0x41e ./zf_device/zf_device_tft180.o
                0x0000000000003344                tft180_init
 .text.type_default_callback
                0x0000000000003762        0xe ./zf_device/zf_device_type.o
 .text.set_camera_type
                0x0000000000003770       0x52 ./zf_device/zf_device_type.o
                0x0000000000003770                set_camera_type
 .text.clock_reset
                0x00000000000037c2       0x76 ./zf_common/zf_common_clock.o
                0x00000000000037c2                clock_reset
 .text.clock_set_freq
                0x0000000000003838      0x1de ./zf_common/zf_common_clock.o
                0x0000000000003838                clock_set_freq
 .text.clock_init
                0x0000000000003a16       0x2e ./zf_common/zf_common_clock.o
                0x0000000000003a16                clock_init
 .text.__NOP    0x0000000000003a44       0x10 ./zf_common/zf_common_debug.o
 .text.debug_delay
                0x0000000000003a54       0x52 ./zf_common/zf_common_debug.o
 .text.debug_protective_handler
                0x0000000000003aa6        0xe ./zf_common/zf_common_debug.o
 .text.debug_uart_str_output
                0x0000000000003ab4       0x20 ./zf_common/zf_common_debug.o
 .text.debug_output
                0x0000000000003ad4      0x564 ./zf_common/zf_common_debug.o
 .text.debug_interrupr_handler
                0x0000000000004038       0x38 ./zf_common/zf_common_debug.o
                0x0000000000004038                debug_interrupr_handler
 .text._write   0x0000000000004070       0x7c ./zf_common/zf_common_debug.o
                0x0000000000004070                _write
 .text.debug_assert_handler
                0x00000000000040ec       0x68 ./zf_common/zf_common_debug.o
                0x00000000000040ec                debug_assert_handler
 .text.debug_log_handler
                0x0000000000004154       0x4e ./zf_common/zf_common_debug.o
                0x0000000000004154                debug_log_handler
 .text.debug_output_struct_init
                0x00000000000041a2       0x5a ./zf_common/zf_common_debug.o
                0x00000000000041a2                debug_output_struct_init
 .text.debug_output_init
                0x00000000000041fc       0xa8 ./zf_common/zf_common_debug.o
                0x00000000000041fc                debug_output_init
 .text.debug_init
                0x00000000000042a4       0x6c ./zf_common/zf_common_debug.o
                0x00000000000042a4                debug_init
 .text.fifo_head_offset
                0x0000000000004310      0x184 ./zf_common/zf_common_fifo.o
 .text.fifo_end_offset
                0x0000000000004494      0x184 ./zf_common/zf_common_fifo.o
 .text.fifo_clear
                0x0000000000004618      0x24a ./zf_common/zf_common_fifo.o
                0x0000000000004618                fifo_clear
 .text.fifo_used
                0x0000000000004862       0x7a ./zf_common/zf_common_fifo.o
                0x0000000000004862                fifo_used
 .text.fifo_write_element
                0x00000000000048dc      0x260 ./zf_common/zf_common_fifo.o
                0x00000000000048dc                fifo_write_element
 .text.fifo_write_buffer
                0x0000000000004b3c      0x5ea ./zf_common/zf_common_fifo.o
                0x0000000000004b3c                fifo_write_buffer
 .text.fifo_read_buffer
                0x0000000000005126      0x5a4 ./zf_common/zf_common_fifo.o
                0x0000000000005126                fifo_read_buffer
 .text.fifo_init
                0x00000000000056ca      0x248 ./zf_common/zf_common_fifo.o
                0x00000000000056ca                fifo_init
 .text.__enable_irq
                0x0000000000005912       0x18 ./zf_common/zf_common_interrupt.o
 .text.__disable_irq
                0x000000000000592a       0x14 ./zf_common/zf_common_interrupt.o
 .text.NVIC_EnableIRQ
                0x000000000000593e       0x32 ./zf_common/zf_common_interrupt.o
 .text.NVIC_DisableIRQ
                0x0000000000005970       0x32 ./zf_common/zf_common_interrupt.o
 .text.NVIC_SetPriority
                0x00000000000059a2       0x2a ./zf_common/zf_common_interrupt.o
 .text.interrupt_enable
                0x00000000000059cc       0x1e ./zf_common/zf_common_interrupt.o
                0x00000000000059cc                interrupt_enable
 .text.interrupt_disable
                0x00000000000059ea       0x1e ./zf_common/zf_common_interrupt.o
                0x00000000000059ea                interrupt_disable
 .text.interrupt_set_priority
                0x0000000000005a08       0x2a ./zf_common/zf_common_interrupt.o
                0x0000000000005a08                interrupt_set_priority
 .text.interrupt_global_enable
                0x0000000000005a32       0x32 ./zf_common/zf_common_interrupt.o
                0x0000000000005a32                interrupt_global_enable
 .text.interrupt_global_disable
                0x0000000000005a64       0x2c ./zf_common/zf_common_interrupt.o
                0x0000000000005a64                interrupt_global_disable
 .text.interrupt_init
                0x0000000000005a90       0x18 ./zf_common/zf_common_interrupt.o
                0x0000000000005a90                interrupt_init
 .text.USART1_IRQHandler
                0x0000000000005aa8       0xc4 ./user_c/isr.o
                0x0000000000005aa8                USART1_IRQHandler
 .text.USART2_IRQHandler
                0x0000000000005b6c       0xc4 ./user_c/isr.o
                0x0000000000005b6c                USART2_IRQHandler
 .text.USART3_IRQHandler
                0x0000000000005c30       0xc8 ./user_c/isr.o
                0x0000000000005c30                USART3_IRQHandler
 .text.UART4_IRQHandler
                0x0000000000005cf8       0xce ./user_c/isr.o
                0x0000000000005cf8                UART4_IRQHandler
 .text.UART5_IRQHandler
                0x0000000000005dc6       0xc2 ./user_c/isr.o
                0x0000000000005dc6                UART5_IRQHandler
 .text.UART6_IRQHandler
                0x0000000000005e88       0xd4 ./user_c/isr.o
                0x0000000000005e88                UART6_IRQHandler
 .text.UART7_IRQHandler
                0x0000000000005f5c       0xca ./user_c/isr.o
                0x0000000000005f5c                UART7_IRQHandler
 .text.UART8_IRQHandler
                0x0000000000006026       0xc0 ./user_c/isr.o
                0x0000000000006026                UART8_IRQHandler
 .text.DVP_IRQHandler
                0x00000000000060e6       0xd0 ./user_c/isr.o
                0x00000000000060e6                DVP_IRQHandler
 .text.EXTI0_IRQHandler
                0x00000000000061b6       0xb4 ./user_c/isr.o
                0x00000000000061b6                EXTI0_IRQHandler
 .text.EXTI1_IRQHandler
                0x000000000000626a       0xb4 ./user_c/isr.o
                0x000000000000626a                EXTI1_IRQHandler
 .text.EXTI2_IRQHandler
                0x000000000000631e       0xb4 ./user_c/isr.o
                0x000000000000631e                EXTI2_IRQHandler
 .text.EXTI3_IRQHandler
                0x00000000000063d2       0xb4 ./user_c/isr.o
                0x00000000000063d2                EXTI3_IRQHandler
 .text.EXTI4_IRQHandler
                0x0000000000006486       0xb4 ./user_c/isr.o
                0x0000000000006486                EXTI4_IRQHandler
 .text.EXTI9_5_IRQHandler
                0x000000000000653a      0x118 ./user_c/isr.o
                0x000000000000653a                EXTI9_5_IRQHandler
 .text.EXTI15_10_IRQHandler
                0x0000000000006652      0x132 ./user_c/isr.o
                0x0000000000006652                EXTI15_10_IRQHandler
 .text.TIM1_UP_IRQHandler
                0x0000000000006784       0xc0 ./user_c/isr.o
                0x0000000000006784                TIM1_UP_IRQHandler
 .text.TIM2_IRQHandler
                0x0000000000006844       0xb8 ./user_c/isr.o
                0x0000000000006844                TIM2_IRQHandler
 .text.TIM3_IRQHandler
                0x00000000000068fc       0xc0 ./user_c/isr.o
                0x00000000000068fc                TIM3_IRQHandler
 .text.TIM4_IRQHandler
                0x00000000000069bc       0xc0 ./user_c/isr.o
                0x00000000000069bc                TIM4_IRQHandler
 .text.TIM5_IRQHandler
                0x0000000000006a7c       0xc0 ./user_c/isr.o
                0x0000000000006a7c                TIM5_IRQHandler
 .text.TIM6_IRQHandler
                0x0000000000006b3c       0xb8 ./user_c/isr.o
                0x0000000000006b3c                TIM6_IRQHandler
 .text.TIM7_IRQHandler
                0x0000000000006bf4       0xc0 ./user_c/isr.o
                0x0000000000006bf4                TIM7_IRQHandler
 .text.TIM8_UP_IRQHandler
                0x0000000000006cb4       0xc0 ./user_c/isr.o
                0x0000000000006cb4                TIM8_UP_IRQHandler
 .text.TIM9_UP_IRQHandler
                0x0000000000006d74       0xc0 ./user_c/isr.o
                0x0000000000006d74                TIM9_UP_IRQHandler
 .text.TIM10_UP_IRQHandler
                0x0000000000006e34       0xb8 ./user_c/isr.o
                0x0000000000006e34                TIM10_UP_IRQHandler
 .text.NMI_Handler
                0x0000000000006eec       0x10 ./user_c/isr.o
                0x0000000000006eec                NMI_Handler
 .text.HardFault_Handler
                0x0000000000006efc        0x8 ./user_c/isr.o
                0x0000000000006efc                HardFault_Handler
 .text.main     0x0000000000006f04       0x98 ./user_c/main000.o
                0x0000000000006f04                main
 .text.vector_handler
                0x0000000000006f9c       0xbe ./sdk/Startup/startup_ch32v30x_D8C.o
                0x0000000000006fa0                Ecall_M_Mode_Handler
                0x0000000000006fa2                Ecall_U_Mode_Handler
                0x0000000000006fa4                Break_Point_Handler
                0x0000000000006fa6                SysTick_Handler
                0x0000000000006fa8                SW_Handler
                0x0000000000006faa                WWDG_IRQHandler
                0x0000000000006fac                PVD_IRQHandler
                0x0000000000006fae                TAMPER_IRQHandler
                0x0000000000006fb0                RTC_IRQHandler
                0x0000000000006fb2                FLASH_IRQHandler
                0x0000000000006fb4                RCC_IRQHandler
                0x0000000000006fc0                DMA1_Channel1_IRQHandler
                0x0000000000006fc2                DMA1_Channel2_IRQHandler
                0x0000000000006fc4                DMA1_Channel3_IRQHandler
                0x0000000000006fc6                DMA1_Channel4_IRQHandler
                0x0000000000006fc8                DMA1_Channel5_IRQHandler
                0x0000000000006fca                DMA1_Channel6_IRQHandler
                0x0000000000006fcc                DMA1_Channel7_IRQHandler
                0x0000000000006fce                ADC1_2_IRQHandler
                0x0000000000006fd0                USB_HP_CAN1_TX_IRQHandler
                0x0000000000006fd2                USB_LP_CAN1_RX0_IRQHandler
                0x0000000000006fd4                CAN1_RX1_IRQHandler
                0x0000000000006fd6                CAN1_SCE_IRQHandler
                0x0000000000006fda                TIM1_BRK_IRQHandler
                0x0000000000006fde                TIM1_TRG_COM_IRQHandler
                0x0000000000006fe0                TIM1_CC_IRQHandler
                0x0000000000006fe8                I2C1_EV_IRQHandler
                0x0000000000006fea                I2C1_ER_IRQHandler
                0x0000000000006fec                I2C2_EV_IRQHandler
                0x0000000000006fee                I2C2_ER_IRQHandler
                0x0000000000006ff0                SPI1_IRQHandler
                0x0000000000006ff2                SPI2_IRQHandler
                0x0000000000006ffc                RTCAlarm_IRQHandler
                0x0000000000006ffe                USBWakeUp_IRQHandler
                0x0000000000007000                TIM8_BRK_IRQHandler
                0x0000000000007004                TIM8_TRG_COM_IRQHandler
                0x0000000000007006                TIM8_CC_IRQHandler
                0x0000000000007008                RNG_IRQHandler
                0x000000000000700a                FSMC_IRQHandler
                0x000000000000700c                SDIO_IRQHandler
                0x0000000000007010                SPI3_IRQHandler
                0x000000000000701a                DMA2_Channel1_IRQHandler
                0x000000000000701c                DMA2_Channel2_IRQHandler
                0x000000000000701e                DMA2_Channel3_IRQHandler
                0x0000000000007020                DMA2_Channel4_IRQHandler
                0x0000000000007022                DMA2_Channel5_IRQHandler
                0x0000000000007024                ETH_IRQHandler
                0x0000000000007026                ETH_WKUP_IRQHandler
                0x0000000000007028                CAN2_TX_IRQHandler
                0x000000000000702a                CAN2_RX0_IRQHandler
                0x000000000000702c                CAN2_RX1_IRQHandler
                0x000000000000702e                CAN2_SCE_IRQHandler
                0x0000000000007032                USBHSWakeup_IRQHandler
                0x0000000000007034                USBHS_IRQHandler
                0x000000000000703e                TIM9_BRK_IRQHandler
                0x0000000000007042                TIM9_TRG_COM_IRQHandler
                0x0000000000007044                TIM9_CC_IRQHandler
                0x0000000000007046                TIM10_BRK_IRQHandler
                0x000000000000704a                TIM10_TRG_COM_IRQHandler
                0x000000000000704c                TIM10_CC_IRQHandler
                0x000000000000704e                DMA2_Channel6_IRQHandler
                0x0000000000007050                DMA2_Channel7_IRQHandler
                0x0000000000007052                DMA2_Channel8_IRQHandler
                0x0000000000007054                DMA2_Channel9_IRQHandler
                0x0000000000007056                DMA2_Channel10_IRQHandler
                0x0000000000007058                DMA2_Channel11_IRQHandler
 .text.handle_reset
                0x000000000000705a       0x8a ./sdk/Startup/startup_ch32v30x_D8C.o
                0x000000000000705a                handle_reset
 .text.EXTI_GetITStatus
                0x00000000000070e4       0x56 ./sdk/Peripheral/ch32v30x_exti.o
                0x00000000000070e4                EXTI_GetITStatus
 .text.EXTI_ClearITPendingBit
                0x000000000000713a       0x20 ./sdk/Peripheral/ch32v30x_exti.o
                0x000000000000713a                EXTI_ClearITPendingBit
 .text.GPIO_Init
                0x000000000000715a      0x22a ./sdk/Peripheral/ch32v30x_gpio.o
                0x000000000000715a                GPIO_Init
 .text.GPIO_WriteBit
                0x0000000000007384       0x38 ./sdk/Peripheral/ch32v30x_gpio.o
                0x0000000000007384                GPIO_WriteBit
 .text.GPIO_PinRemapConfig
                0x00000000000073bc      0x1c8 ./sdk/Peripheral/ch32v30x_gpio.o
                0x00000000000073bc                GPIO_PinRemapConfig
 .text.RCC_GetClocksFreq
                0x0000000000007584      0x2c6 ./sdk/Peripheral/ch32v30x_rcc.o
                0x0000000000007584                RCC_GetClocksFreq
 .text.RCC_AHBPeriphClockCmd
                0x000000000000784a       0x46 ./sdk/Peripheral/ch32v30x_rcc.o
                0x000000000000784a                RCC_AHBPeriphClockCmd
 .text.RCC_APB2PeriphClockCmd
                0x0000000000007890       0x46 ./sdk/Peripheral/ch32v30x_rcc.o
                0x0000000000007890                RCC_APB2PeriphClockCmd
 .text.RCC_APB1PeriphClockCmd
                0x00000000000078d6       0x46 ./sdk/Peripheral/ch32v30x_rcc.o
                0x00000000000078d6                RCC_APB1PeriphClockCmd
 .text.RCC_APB2PeriphResetCmd
                0x000000000000791c       0x46 ./sdk/Peripheral/ch32v30x_rcc.o
                0x000000000000791c                RCC_APB2PeriphResetCmd
 .text.RCC_APB1PeriphResetCmd
                0x0000000000007962       0x46 ./sdk/Peripheral/ch32v30x_rcc.o
                0x0000000000007962                RCC_APB1PeriphResetCmd
 .text.SPI_I2S_DeInit
                0x00000000000079a8       0x76 ./sdk/Peripheral/ch32v30x_spi.o
                0x00000000000079a8                SPI_I2S_DeInit
 .text.SPI_Init
                0x0000000000007a1e       0xf8 ./sdk/Peripheral/ch32v30x_spi.o
                0x0000000000007a1e                SPI_Init
 .text.SPI_Cmd  0x0000000000007b16       0x5a ./sdk/Peripheral/ch32v30x_spi.o
                0x0000000000007b16                SPI_Cmd
 .text.TIM_GetITStatus
                0x0000000000007b70       0x70 ./sdk/Peripheral/ch32v30x_tim.o
                0x0000000000007b70                TIM_GetITStatus
 .text.TIM_ClearITPendingBit
                0x0000000000007be0       0x2e ./sdk/Peripheral/ch32v30x_tim.o
                0x0000000000007be0                TIM_ClearITPendingBit
 .text.USART_Init
                0x0000000000007c0e      0x234 ./sdk/Peripheral/ch32v30x_usart.o
                0x0000000000007c0e                USART_Init
 .text.USART_Cmd
                0x0000000000007e42       0x60 ./sdk/Peripheral/ch32v30x_usart.o
                0x0000000000007e42                USART_Cmd
 .text.USART_ITConfig
                0x0000000000007ea2       0xc4 ./sdk/Peripheral/ch32v30x_usart.o
                0x0000000000007ea2                USART_ITConfig
 .text.USART_SendData
                0x0000000000007f66       0x2e ./sdk/Peripheral/ch32v30x_usart.o
                0x0000000000007f66                USART_SendData
 .text.USART_GetFlagStatus
                0x0000000000007f94       0x46 ./sdk/Peripheral/ch32v30x_usart.o
                0x0000000000007f94                USART_GetFlagStatus
 .text.USART_GetITStatus
                0x0000000000007fda      0x102 ./sdk/Peripheral/ch32v30x_usart.o
                0x0000000000007fda                USART_GetITStatus
 .text.USART_ClearITPendingBit
                0x00000000000080dc       0x4e ./sdk/Peripheral/ch32v30x_usart.o
                0x00000000000080dc                USART_ClearITPendingBit
 .text.DevEP1_IN_Deal
                0x000000000000812a       0x3e ./sdk/Peripheral/ch32v30x_usbotg_device.o
                0x000000000000812a                DevEP1_IN_Deal
 .text.DevEP2_IN_Deal
                0x0000000000008168       0x3e ./sdk/Peripheral/ch32v30x_usbotg_device.o
                0x0000000000008168                DevEP2_IN_Deal
 .text.DevEP1_OUT_Deal
                0x00000000000081a6       0x66 ./sdk/Peripheral/ch32v30x_usbotg_device.o
                0x00000000000081a6                DevEP1_OUT_Deal
 .text.DevEP2_OUT_Deal
                0x000000000000820c       0x66 ./sdk/Peripheral/ch32v30x_usbotg_device.o
                0x000000000000820c                DevEP2_OUT_Deal
 .text.OTG_FS_IRQHandler
                0x0000000000008272      0xd16 ./sdk/Peripheral/ch32v30x_usbotg_device.o
                0x0000000000008272                OTG_FS_IRQHandler
 .text.left_roundabout_recog_by_FSM
                0x0000000000008f88     0x2b8e ./code/circle.o
                0x0000000000008f88                left_roundabout_recog_by_FSM
 .text.right_roundabout_recog_by_FSM
                0x000000000000bb16     0x295c ./code/circle.o
                0x000000000000bb16                right_roundabout_recog_by_FSM
 .text.left_turn_to_cross
                0x000000000000e472      0x728 ./code/cross.o
                0x000000000000e472                left_turn_to_cross
 .text.right_turn_to_cross
                0x000000000000eb9a      0x6f6 ./code/cross.o
                0x000000000000eb9a                right_turn_to_cross
 .text.cross_recog
                0x000000000000f290     0x1c52 ./code/cross.o
                0x000000000000f290                cross_recog
 .text.get_error
                0x0000000000010ee2       0x7a ./code/img.o
                0x0000000000010ee2                get_error
 .text.Image_Recognition
                0x0000000000010f5c       0x94 ./code/img.o
                0x0000000000010f5c                Image_Recognition
 .text.otsuthreshold
                0x0000000000010ff0      0x2be ./code/img.o
                0x0000000000010ff0                otsuthreshold
 .text.Get_Binary_Image
                0x00000000000112ae       0xe0 ./code/img.o
                0x00000000000112ae                Get_Binary_Image
 .text.array_set_uniform
                0x000000000001138e       0x50 ./code/img.o
                0x000000000001138e                array_set_uniform
 .text.findchange
                0x00000000000113de      0x2c8 ./code/img.o
                0x00000000000113de                findchange
 .text.findlose
                0x00000000000116a6       0xbc ./code/img.o
                0x00000000000116a6                findlose
 .text.middleadjust
                0x0000000000011762       0xb2 ./code/img.o
                0x0000000000011762                middleadjust
 .text.findboundary
                0x0000000000011814      0x28e ./code/img.o
                0x0000000000011814                findboundary
 .text.findfirstlose
                0x0000000000011aa2      0x144 ./code/img.o
                0x0000000000011aa2                findfirstlose
 .text.findfinallose
                0x0000000000011be6      0x23c ./code/img.o
                0x0000000000011be6                findfinallose
 .text.loseline_adjust
                0x0000000000011e22      0x14e ./code/img.o
                0x0000000000011e22                loseline_adjust
 .text.findloseline
                0x0000000000011f70      0x280 ./code/img.o
                0x0000000000011f70                findloseline
 .text.cross_bw_judge
                0x00000000000121f0      0x19a ./code/img.o
                0x00000000000121f0                cross_bw_judge
 .text.cross_judge
                0x000000000001238a      0x142 ./code/img.o
                0x000000000001238a                cross_judge
 .text.repair_line
                0x00000000000124cc      0x122 ./code/img.o
                0x00000000000124cc                repair_line
 .text.re_midline
                0x00000000000125ee       0x6c ./code/img.o
                0x00000000000125ee                re_midline
 .text.Road_Refer_Generate
                0x000000000001265a      0x2aa ./code/img.o
                0x000000000001265a                Road_Refer_Generate
 .text.turn_recog
                0x0000000000012904      0x3f8 ./code/img.o
                0x0000000000012904                turn_recog
 .text.Dynamic_useful_line
                0x0000000000012cfc      0x180 ./code/img.o
                0x0000000000012cfc                Dynamic_useful_line
 .text.Middle_Error
                0x0000000000012e7c      0x35a ./code/img.o
                0x0000000000012e7c                Middle_Error
 .text.find_startline
                0x00000000000131d6      0x27e ./code/img.o
                0x00000000000131d6                find_startline
 .text.flag_send_get
                0x0000000000013454       0xfa ./code/img.o
                0x0000000000013454                flag_send_get
 .text.calculateMiddleLineVarianceSum
                0x000000000001354e      0x162 ./code/img.o
                0x000000000001354e                calculateMiddleLineVarianceSum
 .text.detectStraightRoad
                0x00000000000136b0      0x206 ./code/img.o
                0x00000000000136b0                detectStraightRoad
 .text.find_brick
                0x00000000000138b6      0xf5c ./code/img.o
                0x00000000000138b6                find_brick
 .text.mt9v03x_write_and_check_word_sccb
                0x0000000000014812       0x92 D:\车队stuff\carcode\左右搜线法xy\libraries\zf_device\libzf_device_config.a(zf_device_config.o)
 .text.mt9v03x_write_word_sccb
                0x00000000000148a4       0x34 D:\车队stuff\carcode\左右搜线法xy\libraries\zf_device\libzf_device_config.a(zf_device_config.o)
 .text.mt9v03x_read_word_sccb.constprop.0
                0x00000000000148d8       0x36 D:\车队stuff\carcode\左右搜线法xy\libraries\zf_device\libzf_device_config.a(zf_device_config.o)
 .text.mt9v03x_sccb_check_id
                0x000000000001490e       0x5e D:\车队stuff\carcode\左右搜线法xy\libraries\zf_device\libzf_device_config.a(zf_device_config.o)
                0x000000000001490e                mt9v03x_sccb_check_id
 .text.mt9v03x_sccb_set_config
                0x000000000001496c      0x5a2 D:\车队stuff\carcode\左右搜线法xy\libraries\zf_device\libzf_device_config.a(zf_device_config.o)
                0x000000000001496c                mt9v03x_sccb_set_config
 .text.__adddf3
                0x0000000000014f0e      0xa0e d:/mounriver_studio/toolchain/risc-v embedded gcc/bin/../lib/gcc/riscv-none-embed/8.2.0/rv32imafc/ilp32f\libgcc.a(adddf3.o)
                0x0000000000014f0e                __adddf3
 .text.__divdf3
                0x000000000001591c      0x7ea d:/mounriver_studio/toolchain/risc-v embedded gcc/bin/../lib/gcc/riscv-none-embed/8.2.0/rv32imafc/ilp32f\libgcc.a(divdf3.o)
                0x000000000001591c                __divdf3
 .text.__eqdf2  0x0000000000016106       0x98 d:/mounriver_studio/toolchain/risc-v embedded gcc/bin/../lib/gcc/riscv-none-embed/8.2.0/rv32imafc/ilp32f\libgcc.a(eqdf2.o)
                0x0000000000016106                __nedf2
                0x0000000000016106                __eqdf2
 .text.__gedf2  0x000000000001619e       0xb6 d:/mounriver_studio/toolchain/risc-v embedded gcc/bin/../lib/gcc/riscv-none-embed/8.2.0/rv32imafc/ilp32f\libgcc.a(gedf2.o)
                0x000000000001619e                __gedf2
                0x000000000001619e                __gtdf2
 .text.__ledf2  0x0000000000016254       0xb6 d:/mounriver_studio/toolchain/risc-v embedded gcc/bin/../lib/gcc/riscv-none-embed/8.2.0/rv32imafc/ilp32f\libgcc.a(ledf2.o)
                0x0000000000016254                __ledf2
                0x0000000000016254                __ltdf2
 .text.__muldf3
                0x000000000001630a      0x656 d:/mounriver_studio/toolchain/risc-v embedded gcc/bin/../lib/gcc/riscv-none-embed/8.2.0/rv32imafc/ilp32f\libgcc.a(muldf3.o)
                0x000000000001630a                __muldf3
 .text.__subdf3
                0x0000000000016960      0xa8c d:/mounriver_studio/toolchain/risc-v embedded gcc/bin/../lib/gcc/riscv-none-embed/8.2.0/rv32imafc/ilp32f\libgcc.a(subdf3.o)
                0x0000000000016960                __subdf3
 .text.__unorddf2
                0x00000000000173ec       0x7c d:/mounriver_studio/toolchain/risc-v embedded gcc/bin/../lib/gcc/riscv-none-embed/8.2.0/rv32imafc/ilp32f\libgcc.a(unorddf2.o)
                0x00000000000173ec                __unorddf2
 .text.__fixdfsi
                0x0000000000017468       0xd8 d:/mounriver_studio/toolchain/risc-v embedded gcc/bin/../lib/gcc/riscv-none-embed/8.2.0/rv32imafc/ilp32f\libgcc.a(fixdfsi.o)
                0x0000000000017468                __fixdfsi
 .text.__fixunsdfsi
                0x0000000000017540       0x9e d:/mounriver_studio/toolchain/risc-v embedded gcc/bin/../lib/gcc/riscv-none-embed/8.2.0/rv32imafc/ilp32f\libgcc.a(fixunsdfsi.o)
                0x0000000000017540                __fixunsdfsi
 .text.__floatsidf
                0x00000000000175de       0x70 d:/mounriver_studio/toolchain/risc-v embedded gcc/bin/../lib/gcc/riscv-none-embed/8.2.0/rv32imafc/ilp32f\libgcc.a(floatsidf.o)
                0x00000000000175de                __floatsidf
 .text.__floatunsidf
                0x000000000001764e       0x66 d:/mounriver_studio/toolchain/risc-v embedded gcc/bin/../lib/gcc/riscv-none-embed/8.2.0/rv32imafc/ilp32f\libgcc.a(floatunsidf.o)
                0x000000000001764e                __floatunsidf
 .text.__extendsfdf2
                0x00000000000176b4       0xe8 d:/mounriver_studio/toolchain/risc-v embedded gcc/bin/../lib/gcc/riscv-none-embed/8.2.0/rv32imafc/ilp32f\libgcc.a(extendsfdf2.o)
                0x00000000000176b4                __extendsfdf2
 .text.__truncdfsf2
                0x000000000001779c      0x31e d:/mounriver_studio/toolchain/risc-v embedded gcc/bin/../lib/gcc/riscv-none-embed/8.2.0/rv32imafc/ilp32f\libgcc.a(truncdfsf2.o)
                0x000000000001779c                __truncdfsf2
 .text.__clzsi2
                0x0000000000017aba       0x76 d:/mounriver_studio/toolchain/risc-v embedded gcc/bin/../lib/gcc/riscv-none-embed/8.2.0/rv32imafc/ilp32f\libgcc.a(_clzsi2.o)
                0x0000000000017aba                __clzsi2
 .text.malloc   0x0000000000017b30        0xa d:/mounriver_studio/toolchain/risc-v embedded gcc/bin/../lib/gcc/riscv-none-embed/8.2.0/../../../../riscv-none-embed/lib/rv32imafc/ilp32f\libg_nano.a(lib_a-malloc.o)
                0x0000000000017b30                malloc
 .text.free     0x0000000000017b3a        0xa d:/mounriver_studio/toolchain/risc-v embedded gcc/bin/../lib/gcc/riscv-none-embed/8.2.0/../../../../riscv-none-embed/lib/rv32imafc/ilp32f\libg_nano.a(lib_a-malloc.o)
                0x0000000000017b3a                free
 .text.memcpy   0x0000000000017b44       0xb6 d:/mounriver_studio/toolchain/risc-v embedded gcc/bin/../lib/gcc/riscv-none-embed/8.2.0/../../../../riscv-none-embed/lib/rv32imafc/ilp32f\libg_nano.a(lib_a-memcpy.o)
                0x0000000000017b44                memcpy
 .text._free_r  0x0000000000017bfa       0xa8 d:/mounriver_studio/toolchain/risc-v embedded gcc/bin/../lib/gcc/riscv-none-embed/8.2.0/../../../../riscv-none-embed/lib/rv32imafc/ilp32f\libg_nano.a(lib_a-nano-freer.o)
                0x0000000000017bfa                _free_r
 .text._malloc_r
                0x0000000000017ca2       0xda d:/mounriver_studio/toolchain/risc-v embedded gcc/bin/../lib/gcc/riscv-none-embed/8.2.0/../../../../riscv-none-embed/lib/rv32imafc/ilp32f\libg_nano.a(lib_a-nano-mallocr.o)
                0x0000000000017ca2                _malloc_r
 .text.__cvt    0x0000000000017d7c       0xee d:/mounriver_studio/toolchain/risc-v embedded gcc/bin/../lib/gcc/riscv-none-embed/8.2.0/../../../../riscv-none-embed/lib/rv32imafc/ilp32f\libg_nano.a(lib_a-nano-vfprintf_float.o)
                0x0000000000017d7c                __cvt
 .text.__exponent
                0x0000000000017e6a       0x8c d:/mounriver_studio/toolchain/risc-v embedded gcc/bin/../lib/gcc/riscv-none-embed/8.2.0/../../../../riscv-none-embed/lib/rv32imafc/ilp32f\libg_nano.a(lib_a-nano-vfprintf_float.o)
                0x0000000000017e6a                __exponent
 .text._printf_float
                0x0000000000017ef6      0x4c4 d:/mounriver_studio/toolchain/risc-v embedded gcc/bin/../lib/gcc/riscv-none-embed/8.2.0/../../../../riscv-none-embed/lib/rv32imafc/ilp32f\libg_nano.a(lib_a-nano-vfprintf_float.o)
                0x0000000000017ef6                _printf_float
 .text._printf_common
                0x00000000000183ba      0x10c d:/mounriver_studio/toolchain/risc-v embedded gcc/bin/../lib/gcc/riscv-none-embed/8.2.0/../../../../riscv-none-embed/lib/rv32imafc/ilp32f\libg_nano.a(lib_a-nano-vfprintf_i.o)
                0x00000000000183ba                _printf_common
 .text._printf_i
                0x00000000000184c6      0x2ac d:/mounriver_studio/toolchain/risc-v embedded gcc/bin/../lib/gcc/riscv-none-embed/8.2.0/../../../../riscv-none-embed/lib/rv32imafc/ilp32f\libg_nano.a(lib_a-nano-vfprintf_i.o)
                0x00000000000184c6                _printf_i
 .text.printf   0x0000000000018772       0x42 d:/mounriver_studio/toolchain/risc-v embedded gcc/bin/../lib/gcc/riscv-none-embed/8.2.0/../../../../riscv-none-embed/lib/rv32imafc/ilp32f\libg_nano.a(lib_a-printf.o)
                0x0000000000018772                iprintf
                0x0000000000018772                printf
 .text._sbrk_r  0x00000000000187b4       0x32 d:/mounriver_studio/toolchain/risc-v embedded gcc/bin/../lib/gcc/riscv-none-embed/8.2.0/../../../../riscv-none-embed/lib/rv32imafc/ilp32f\libg_nano.a(lib_a-sbrkr.o)
                0x00000000000187b4                _sbrk_r
 .text.sprintf  0x00000000000187e6       0x46 d:/mounriver_studio/toolchain/risc-v embedded gcc/bin/../lib/gcc/riscv-none-embed/8.2.0/../../../../riscv-none-embed/lib/rv32imafc/ilp32f\libg_nano.a(lib_a-sprintf.o)
                0x00000000000187e6                siprintf
                0x00000000000187e6                sprintf
 .text.strlen   0x000000000001882c       0x12 d:/mounriver_studio/toolchain/risc-v embedded gcc/bin/../lib/gcc/riscv-none-embed/8.2.0/../../../../riscv-none-embed/lib/rv32imafc/ilp32f\libg_nano.a(lib_a-strlen.o)
                0x000000000001882c                strlen
 .text.strncmp  0x000000000001883e       0x2c d:/mounriver_studio/toolchain/risc-v embedded gcc/bin/../lib/gcc/riscv-none-embed/8.2.0/../../../../riscv-none-embed/lib/rv32imafc/ilp32f\libg_nano.a(lib_a-strncmp.o)
                0x000000000001883e                strncmp
 .text.quorem   0x000000000001886a      0x13a d:/mounriver_studio/toolchain/risc-v embedded gcc/bin/../lib/gcc/riscv-none-embed/8.2.0/../../../../riscv-none-embed/lib/rv32imafc/ilp32f\libg_nano.a(lib_a-dtoa.o)
 .text._dtoa_r  0x00000000000189a4      0xbea d:/mounriver_studio/toolchain/risc-v embedded gcc/bin/../lib/gcc/riscv-none-embed/8.2.0/../../../../riscv-none-embed/lib/rv32imafc/ilp32f\libg_nano.a(lib_a-dtoa.o)
                0x00000000000189a4                _dtoa_r
 .text.std      0x000000000001958e       0x6a d:/mounriver_studio/toolchain/risc-v embedded gcc/bin/../lib/gcc/riscv-none-embed/8.2.0/../../../../riscv-none-embed/lib/rv32imafc/ilp32f\libg_nano.a(lib_a-findfp.o)
 .text._cleanup_r
                0x00000000000195f8        0xa d:/mounriver_studio/toolchain/risc-v embedded gcc/bin/../lib/gcc/riscv-none-embed/8.2.0/../../../../riscv-none-embed/lib/rv32imafc/ilp32f\libg_nano.a(lib_a-findfp.o)
                0x00000000000195f8                _cleanup_r
 .text.__sfmoreglue
                0x0000000000019602       0x48 d:/mounriver_studio/toolchain/risc-v embedded gcc/bin/../lib/gcc/riscv-none-embed/8.2.0/../../../../riscv-none-embed/lib/rv32imafc/ilp32f\libg_nano.a(lib_a-findfp.o)
                0x0000000000019602                __sfmoreglue
 .text.__sinit  0x000000000001964a       0x6c d:/mounriver_studio/toolchain/risc-v embedded gcc/bin/../lib/gcc/riscv-none-embed/8.2.0/../../../../riscv-none-embed/lib/rv32imafc/ilp32f\libg_nano.a(lib_a-findfp.o)
                0x000000000001964a                __sinit
 .text.__sfp    0x00000000000196b6       0xa0 d:/mounriver_studio/toolchain/risc-v embedded gcc/bin/../lib/gcc/riscv-none-embed/8.2.0/../../../../riscv-none-embed/lib/rv32imafc/ilp32f\libg_nano.a(lib_a-findfp.o)
                0x00000000000196b6                __sfp
 .text._fwalk_reent
                0x0000000000019756       0x6c d:/mounriver_studio/toolchain/risc-v embedded gcc/bin/../lib/gcc/riscv-none-embed/8.2.0/../../../../riscv-none-embed/lib/rv32imafc/ilp32f\libg_nano.a(lib_a-fwalk.o)
                0x0000000000019756                _fwalk_reent
 .text._localeconv_r
                0x00000000000197c2       0x18 d:/mounriver_studio/toolchain/risc-v embedded gcc/bin/../lib/gcc/riscv-none-embed/8.2.0/../../../../riscv-none-embed/lib/rv32imafc/ilp32f\libg_nano.a(lib_a-localeconv.o)
                0x00000000000197c2                _localeconv_r
 .text.memchr   0x00000000000197da       0x1a d:/mounriver_studio/toolchain/risc-v embedded gcc/bin/../lib/gcc/riscv-none-embed/8.2.0/../../../../riscv-none-embed/lib/rv32imafc/ilp32f\libg_nano.a(lib_a-memchr.o)
                0x00000000000197da                memchr
 .text.__malloc_lock
                0x00000000000197f4        0x2 d:/mounriver_studio/toolchain/risc-v embedded gcc/bin/../lib/gcc/riscv-none-embed/8.2.0/../../../../riscv-none-embed/lib/rv32imafc/ilp32f\libg_nano.a(lib_a-mlock.o)
                0x00000000000197f4                __malloc_lock
 .text.__malloc_unlock
                0x00000000000197f6        0x2 d:/mounriver_studio/toolchain/risc-v embedded gcc/bin/../lib/gcc/riscv-none-embed/8.2.0/../../../../riscv-none-embed/lib/rv32imafc/ilp32f\libg_nano.a(lib_a-mlock.o)
                0x00000000000197f6                __malloc_unlock
 .text._Balloc  0x00000000000197f8       0x88 d:/mounriver_studio/toolchain/risc-v embedded gcc/bin/../lib/gcc/riscv-none-embed/8.2.0/../../../../riscv-none-embed/lib/rv32imafc/ilp32f\libg_nano.a(lib_a-mprec.o)
                0x00000000000197f8                _Balloc
 .text._Bfree   0x0000000000019880       0x44 d:/mounriver_studio/toolchain/risc-v embedded gcc/bin/../lib/gcc/riscv-none-embed/8.2.0/../../../../riscv-none-embed/lib/rv32imafc/ilp32f\libg_nano.a(lib_a-mprec.o)
                0x0000000000019880                _Bfree
 .text.__multadd
                0x00000000000198c4       0x98 d:/mounriver_studio/toolchain/risc-v embedded gcc/bin/../lib/gcc/riscv-none-embed/8.2.0/../../../../riscv-none-embed/lib/rv32imafc/ilp32f\libg_nano.a(lib_a-mprec.o)
                0x00000000000198c4                __multadd
 .text.__hi0bits
                0x000000000001995c       0x46 d:/mounriver_studio/toolchain/risc-v embedded gcc/bin/../lib/gcc/riscv-none-embed/8.2.0/../../../../riscv-none-embed/lib/rv32imafc/ilp32f\libg_nano.a(lib_a-mprec.o)
                0x000000000001995c                __hi0bits
 .text.__lo0bits
                0x00000000000199a2       0x6a d:/mounriver_studio/toolchain/risc-v embedded gcc/bin/../lib/gcc/riscv-none-embed/8.2.0/../../../../riscv-none-embed/lib/rv32imafc/ilp32f\libg_nano.a(lib_a-mprec.o)
                0x00000000000199a2                __lo0bits
 .text.__i2b    0x0000000000019a0c       0x1c d:/mounriver_studio/toolchain/risc-v embedded gcc/bin/../lib/gcc/riscv-none-embed/8.2.0/../../../../riscv-none-embed/lib/rv32imafc/ilp32f\libg_nano.a(lib_a-mprec.o)
                0x0000000000019a0c                __i2b
 .text.__multiply
                0x0000000000019a28      0x144 d:/mounriver_studio/toolchain/risc-v embedded gcc/bin/../lib/gcc/riscv-none-embed/8.2.0/../../../../riscv-none-embed/lib/rv32imafc/ilp32f\libg_nano.a(lib_a-mprec.o)
                0x0000000000019a28                __multiply
 .text.__pow5mult
                0x0000000000019b6c       0xbe d:/mounriver_studio/toolchain/risc-v embedded gcc/bin/../lib/gcc/riscv-none-embed/8.2.0/../../../../riscv-none-embed/lib/rv32imafc/ilp32f\libg_nano.a(lib_a-mprec.o)
                0x0000000000019b6c                __pow5mult
 .text.__lshift
                0x0000000000019c2a       0xce d:/mounriver_studio/toolchain/risc-v embedded gcc/bin/../lib/gcc/riscv-none-embed/8.2.0/../../../../riscv-none-embed/lib/rv32imafc/ilp32f\libg_nano.a(lib_a-mprec.o)
                0x0000000000019c2a                __lshift
 .text.__mcmp   0x0000000000019cf8       0x32 d:/mounriver_studio/toolchain/risc-v embedded gcc/bin/../lib/gcc/riscv-none-embed/8.2.0/../../../../riscv-none-embed/lib/rv32imafc/ilp32f\libg_nano.a(lib_a-mprec.o)
                0x0000000000019cf8                __mcmp
 .text.__mdiff  0x0000000000019d2a       0xf2 d:/mounriver_studio/toolchain/risc-v embedded gcc/bin/../lib/gcc/riscv-none-embed/8.2.0/../../../../riscv-none-embed/lib/rv32imafc/ilp32f\libg_nano.a(lib_a-mprec.o)
                0x0000000000019d2a                __mdiff
 .text.__d2b    0x0000000000019e1c       0xd4 d:/mounriver_studio/toolchain/risc-v embedded gcc/bin/../lib/gcc/riscv-none-embed/8.2.0/../../../../riscv-none-embed/lib/rv32imafc/ilp32f\libg_nano.a(lib_a-mprec.o)
                0x0000000000019e1c                __d2b
 .text._calloc_r
                0x0000000000019ef0       0x28 d:/mounriver_studio/toolchain/risc-v embedded gcc/bin/../lib/gcc/riscv-none-embed/8.2.0/../../../../riscv-none-embed/lib/rv32imafc/ilp32f\libg_nano.a(lib_a-nano-callocr.o)
                0x0000000000019ef0                _calloc_r
 .text.__ssputs_r
                0x0000000000019f18       0xee d:/mounriver_studio/toolchain/risc-v embedded gcc/bin/../lib/gcc/riscv-none-embed/8.2.0/../../../../riscv-none-embed/lib/rv32imafc/ilp32f\libg_nano.a(lib_a-nano-svfprintf.o)
                0x0000000000019f18                __ssputs_r
 .text._svfprintf_r
                0x000000000001a006      0x27e d:/mounriver_studio/toolchain/risc-v embedded gcc/bin/../lib/gcc/riscv-none-embed/8.2.0/../../../../riscv-none-embed/lib/rv32imafc/ilp32f\libg_nano.a(lib_a-nano-svfprintf.o)
                0x000000000001a006                _svfiprintf_r
                0x000000000001a006                _svfprintf_r
 .text.__sfputc_r
                0x000000000001a284       0x28 d:/mounriver_studio/toolchain/risc-v embedded gcc/bin/../lib/gcc/riscv-none-embed/8.2.0/../../../../riscv-none-embed/lib/rv32imafc/ilp32f\libg_nano.a(lib_a-nano-vfprintf.o)
 .text.__sfputs_r
                0x000000000001a2ac       0x44 d:/mounriver_studio/toolchain/risc-v embedded gcc/bin/../lib/gcc/riscv-none-embed/8.2.0/../../../../riscv-none-embed/lib/rv32imafc/ilp32f\libg_nano.a(lib_a-nano-vfprintf.o)
                0x000000000001a2ac                __sfputs_r
 .text._vfprintf_r
                0x000000000001a2f0      0x29e d:/mounriver_studio/toolchain/risc-v embedded gcc/bin/../lib/gcc/riscv-none-embed/8.2.0/../../../../riscv-none-embed/lib/rv32imafc/ilp32f\libg_nano.a(lib_a-nano-vfprintf.o)
                0x000000000001a2f0                _vfprintf_r
                0x000000000001a2f0                _vfiprintf_r
 .text.__sread  0x000000000001a58e       0x30 d:/mounriver_studio/toolchain/risc-v embedded gcc/bin/../lib/gcc/riscv-none-embed/8.2.0/../../../../riscv-none-embed/lib/rv32imafc/ilp32f\libg_nano.a(lib_a-stdio.o)
                0x000000000001a58e                __sread
 .text.__swrite
                0x000000000001a5be       0x4e d:/mounriver_studio/toolchain/risc-v embedded gcc/bin/../lib/gcc/riscv-none-embed/8.2.0/../../../../riscv-none-embed/lib/rv32imafc/ilp32f\libg_nano.a(lib_a-stdio.o)
                0x000000000001a5be                __swrite
 .text.__sseek  0x000000000001a60c       0x36 d:/mounriver_studio/toolchain/risc-v embedded gcc/bin/../lib/gcc/riscv-none-embed/8.2.0/../../../../riscv-none-embed/lib/rv32imafc/ilp32f\libg_nano.a(lib_a-stdio.o)
                0x000000000001a60c                __sseek
 .text.__sclose
                0x000000000001a642        0x6 d:/mounriver_studio/toolchain/risc-v embedded gcc/bin/../lib/gcc/riscv-none-embed/8.2.0/../../../../riscv-none-embed/lib/rv32imafc/ilp32f\libg_nano.a(lib_a-stdio.o)
                0x000000000001a642                __sclose
 .text.__swbuf_r
                0x000000000001a648       0xc2 d:/mounriver_studio/toolchain/risc-v embedded gcc/bin/../lib/gcc/riscv-none-embed/8.2.0/../../../../riscv-none-embed/lib/rv32imafc/ilp32f\libg_nano.a(lib_a-wbuf.o)
                0x000000000001a648                __swbuf_r
 .text._write_r
                0x000000000001a70a       0x36 d:/mounriver_studio/toolchain/risc-v embedded gcc/bin/../lib/gcc/riscv-none-embed/8.2.0/../../../../riscv-none-embed/lib/rv32imafc/ilp32f\libg_nano.a(lib_a-writer.o)
                0x000000000001a70a                _write_r
 .text.__swsetup_r
                0x000000000001a740      0x110 d:/mounriver_studio/toolchain/risc-v embedded gcc/bin/../lib/gcc/riscv-none-embed/8.2.0/../../../../riscv-none-embed/lib/rv32imafc/ilp32f\libg_nano.a(lib_a-wsetup.o)
                0x000000000001a740                __swsetup_r
 .text._close_r
                0x000000000001a850       0x32 d:/mounriver_studio/toolchain/risc-v embedded gcc/bin/../lib/gcc/riscv-none-embed/8.2.0/../../../../riscv-none-embed/lib/rv32imafc/ilp32f\libg_nano.a(lib_a-closer.o)
                0x000000000001a850                _close_r
 .text.__sflush_r
                0x000000000001a882      0x13e d:/mounriver_studio/toolchain/risc-v embedded gcc/bin/../lib/gcc/riscv-none-embed/8.2.0/../../../../riscv-none-embed/lib/rv32imafc/ilp32f\libg_nano.a(lib_a-fflush.o)
                0x000000000001a882                __sflush_r
 .text._fflush_r
                0x000000000001a9c0       0x68 d:/mounriver_studio/toolchain/risc-v embedded gcc/bin/../lib/gcc/riscv-none-embed/8.2.0/../../../../riscv-none-embed/lib/rv32imafc/ilp32f\libg_nano.a(lib_a-fflush.o)
                0x000000000001a9c0                _fflush_r
 .text._lseek_r
                0x000000000001aa28       0x34 d:/mounriver_studio/toolchain/risc-v embedded gcc/bin/../lib/gcc/riscv-none-embed/8.2.0/../../../../riscv-none-embed/lib/rv32imafc/ilp32f\libg_nano.a(lib_a-lseekr.o)
                0x000000000001aa28                _lseek_r
 .text.__swhatbuf_r
                0x000000000001aa5c       0x58 d:/mounriver_studio/toolchain/risc-v embedded gcc/bin/../lib/gcc/riscv-none-embed/8.2.0/../../../../riscv-none-embed/lib/rv32imafc/ilp32f\libg_nano.a(lib_a-makebuf.o)
                0x000000000001aa5c                __swhatbuf_r
 .text.__smakebuf_r
                0x000000000001aab4       0xa0 d:/mounriver_studio/toolchain/risc-v embedded gcc/bin/../lib/gcc/riscv-none-embed/8.2.0/../../../../riscv-none-embed/lib/rv32imafc/ilp32f\libg_nano.a(lib_a-makebuf.o)
                0x000000000001aab4                __smakebuf_r
 .text.__ascii_mbtowc
                0x000000000001ab54       0x3a d:/mounriver_studio/toolchain/risc-v embedded gcc/bin/../lib/gcc/riscv-none-embed/8.2.0/../../../../riscv-none-embed/lib/rv32imafc/ilp32f\libg_nano.a(lib_a-mbtowc_r.o)
                0x000000000001ab54                __ascii_mbtowc
 .text.memmove  0x000000000001ab8e       0x4a d:/mounriver_studio/toolchain/risc-v embedded gcc/bin/../lib/gcc/riscv-none-embed/8.2.0/../../../../riscv-none-embed/lib/rv32imafc/ilp32f\libg_nano.a(lib_a-memmove.o)
                0x000000000001ab8e                memmove
 .text._realloc_r
                0x000000000001abd8       0x58 d:/mounriver_studio/toolchain/risc-v embedded gcc/bin/../lib/gcc/riscv-none-embed/8.2.0/../../../../riscv-none-embed/lib/rv32imafc/ilp32f\libg_nano.a(lib_a-nano-reallocr.o)
                0x000000000001abd8                _realloc_r
 .text._read_r  0x000000000001ac30       0x34 d:/mounriver_studio/toolchain/risc-v embedded gcc/bin/../lib/gcc/riscv-none-embed/8.2.0/../../../../riscv-none-embed/lib/rv32imafc/ilp32f\libg_nano.a(lib_a-readr.o)
                0x000000000001ac30                _read_r
 .text.__ascii_wctomb
                0x000000000001ac64       0x20 d:/mounriver_studio/toolchain/risc-v embedded gcc/bin/../lib/gcc/riscv-none-embed/8.2.0/../../../../riscv-none-embed/lib/rv32imafc/ilp32f\libg_nano.a(lib_a-wctomb_r.o)
                0x000000000001ac64                __ascii_wctomb
 .text._fstat_r
                0x000000000001ac84       0x32 d:/mounriver_studio/toolchain/risc-v embedded gcc/bin/../lib/gcc/riscv-none-embed/8.2.0/../../../../riscv-none-embed/lib/rv32imafc/ilp32f\libg_nano.a(lib_a-fstatr.o)
                0x000000000001ac84                _fstat_r
 .text._isatty_r
                0x000000000001acb6       0x30 d:/mounriver_studio/toolchain/risc-v embedded gcc/bin/../lib/gcc/riscv-none-embed/8.2.0/../../../../riscv-none-embed/lib/rv32imafc/ilp32f\libg_nano.a(lib_a-isattyr.o)
                0x000000000001acb6                _isatty_r
 .text._malloc_usable_size_r
                0x000000000001ace6       0x14 d:/mounriver_studio/toolchain/risc-v embedded gcc/bin/../lib/gcc/riscv-none-embed/8.2.0/../../../../riscv-none-embed/lib/rv32imafc/ilp32f\libg_nano.a(lib_a-nano-msizer.o)
                0x000000000001ace6                _malloc_usable_size_r
 .text.__trunctfdf2
                0x000000000001acfa      0x3d0 d:/mounriver_studio/toolchain/risc-v embedded gcc/bin/../lib/gcc/riscv-none-embed/8.2.0/rv32imafc/ilp32f\libgcc.a(trunctfdf2.o)
                0x000000000001acfa                __trunctfdf2
 .text._close   0x000000000001b0ca       0x10 d:/mounriver_studio/toolchain/risc-v embedded gcc/bin/../lib/gcc/riscv-none-embed/8.2.0/../../../../riscv-none-embed/lib/rv32imafc/ilp32f\libnosys.a(close.o)
                0x000000000001b0ca                _close
 .text._fstat   0x000000000001b0da       0x10 d:/mounriver_studio/toolchain/risc-v embedded gcc/bin/../lib/gcc/riscv-none-embed/8.2.0/../../../../riscv-none-embed/lib/rv32imafc/ilp32f\libnosys.a(fstat.o)
                0x000000000001b0da                _fstat
 .text._isatty  0x000000000001b0ea       0x10 d:/mounriver_studio/toolchain/risc-v embedded gcc/bin/../lib/gcc/riscv-none-embed/8.2.0/../../../../riscv-none-embed/lib/rv32imafc/ilp32f\libnosys.a(isatty.o)
                0x000000000001b0ea                _isatty
 .text._lseek   0x000000000001b0fa       0x10 d:/mounriver_studio/toolchain/risc-v embedded gcc/bin/../lib/gcc/riscv-none-embed/8.2.0/../../../../riscv-none-embed/lib/rv32imafc/ilp32f\libnosys.a(lseek.o)
                0x000000000001b0fa                _lseek
 .text._read    0x000000000001b10a       0x10 d:/mounriver_studio/toolchain/risc-v embedded gcc/bin/../lib/gcc/riscv-none-embed/8.2.0/../../../../riscv-none-embed/lib/rv32imafc/ilp32f\libnosys.a(read.o)
                0x000000000001b10a                _read
 .text._sbrk    0x000000000001b11a       0x24 d:/mounriver_studio/toolchain/risc-v embedded gcc/bin/../lib/gcc/riscv-none-embed/8.2.0/../../../../riscv-none-embed/lib/rv32imafc/ilp32f\libnosys.a(sbrk.o)
                0x000000000001b11a                _sbrk
 *(.rodata)
 *fill*         0x000000000001b13e        0x2 
 .rodata        0x000000000001b140       0x4b ./zf_driver/zf_driver_soft_iic.o
 *fill*         0x000000000001b18b        0x1 
 .rodata        0x000000000001b18c       0x46 ./zf_driver/zf_driver_spi.o
 *fill*         0x000000000001b1d2        0x2 
 .rodata        0x000000000001b1d4       0x47 ./zf_driver/zf_driver_uart.o
 *fill*         0x000000000001b21b        0x5 
 .rodata        0x000000000001b220        0x8 ./zf_device/zf_device_dm1xa.o
 .rodata        0x000000000001b228       0xf0 ./zf_device/zf_device_gnss.o
 .rodata        0x000000000001b318       0xdc ./zf_device/zf_device_mt9v03x_dvp.o
 *fill*         0x000000000001b3f4        0x4 
 .rodata        0x000000000001b3f8       0x60 ./zf_device/zf_device_tft180.o
 .rodata        0x000000000001b458       0x78 ./zf_common/zf_common_debug.o
 .rodata        0x000000000001b4d0       0x47 ./zf_common/zf_common_fifo.o
 *fill*         0x000000000001b517        0x1 
 .rodata        0x000000000001b518       0x10 ./user_c/main000.o
 .rodata        0x000000000001b528       0x41 ./sdk/Peripheral/ch32v30x_usbotg_device.o
 *fill*         0x000000000001b569        0x7 
 .rodata        0x000000000001b570       0x10 ./code/circle.o
 .rodata        0x000000000001b580       0x18 ./code/cross.o
 .rodata        0x000000000001b598       0x60 ./code/img.o
 *(.rodata*)
 .rodata.spi_index
                0x000000000001b5f8        0xc ./zf_driver/zf_driver_spi.o
                0x000000000001b5f8                spi_index
 .rodata.timer_get
                0x000000000001b604       0x28 ./zf_driver/zf_driver_timer.o
 .rodata.timer_clear
                0x000000000001b62c       0x28 ./zf_driver/zf_driver_timer.o
 .rodata.uart_index
                0x000000000001b654       0x20 ./zf_driver/zf_driver_uart.o
                0x000000000001b654                uart_index
 .rodata.ascii_font_8x16
                0x000000000001b674      0x5f0 ./zf_common/zf_common_font.o
                0x000000000001b674                ascii_font_8x16
 .rodata.ascii_font_6x8
                0x000000000001bc64      0x228 ./zf_common/zf_common_font.o
                0x000000000001bc64                ascii_font_6x8
 .rodata.MyDevDescrHD
                0x000000000001be8c       0x12 ./sdk/Peripheral/ch32v30x_usbotg_device.o
                0x000000000001be8c                MyDevDescrHD
 *fill*         0x000000000001be9e        0x2 
 .rodata.MyCfgDescrHD
                0x000000000001bea0       0x43 ./sdk/Peripheral/ch32v30x_usbotg_device.o
                0x000000000001bea0                MyCfgDescrHD
 *fill*         0x000000000001bee3        0x1 
 .rodata.MyReportDescHD
                0x000000000001bee4       0x14 ./sdk/Peripheral/ch32v30x_usbotg_device.o
                0x000000000001bee4                MyReportDescHD
 .rodata.MyManuInfoHD
                0x000000000001bef8        0xe ./sdk/Peripheral/ch32v30x_usbotg_device.o
                0x000000000001bef8                MyManuInfoHD
 *fill*         0x000000000001bf06        0x2 
 .rodata.MyProdInfoHD
                0x000000000001bf08        0xc ./sdk/Peripheral/ch32v30x_usbotg_device.o
                0x000000000001bf08                MyProdInfoHD
 .rodata.MySerNumInfoHD
                0x000000000001bf14       0x16 ./sdk/Peripheral/ch32v30x_usbotg_device.o
                0x000000000001bf14                MySerNumInfoHD
 *fill*         0x000000000001bf2a        0x2 
 .rodata.MyUSBQUADescHD
                0x000000000001bf2c        0xa ./sdk/Peripheral/ch32v30x_usbotg_device.o
                0x000000000001bf2c                MyUSBQUADescHD
 *fill*         0x000000000001bf36        0x2 
 .rodata.OTG_FS_IRQHandler
                0x000000000001bf38       0xbc ./sdk/Peripheral/ch32v30x_usbotg_device.o
 .rodata.left_roundabout_recog_by_FSM
                0x000000000001bff4       0x18 ./code/circle.o
 .rodata.right_roundabout_recog_by_FSM
                0x000000000001c00c       0x18 ./code/circle.o
 .rodata.__divdf3
                0x000000000001c024       0x40 d:/mounriver_studio/toolchain/risc-v embedded gcc/bin/../lib/gcc/riscv-none-embed/8.2.0/rv32imafc/ilp32f\libgcc.a(divdf3.o)
 .rodata.__muldf3
                0x000000000001c064       0x40 d:/mounriver_studio/toolchain/risc-v embedded gcc/bin/../lib/gcc/riscv-none-embed/8.2.0/rv32imafc/ilp32f\libgcc.a(muldf3.o)
 .rodata.__clz_tab
                0x000000000001c0a4      0x100 d:/mounriver_studio/toolchain/risc-v embedded gcc/bin/../lib/gcc/riscv-none-embed/8.2.0/rv32imafc/ilp32f\libgcc.a(_clz.o)
                0x000000000001c0a4                __clz_tab
 *fill*         0x000000000001c1a4        0x4 
 .rodata._printf_float.cst8
                0x000000000001c1a8        0x8 d:/mounriver_studio/toolchain/risc-v embedded gcc/bin/../lib/gcc/riscv-none-embed/8.2.0/../../../../riscv-none-embed/lib/rv32imafc/ilp32f\libg_nano.a(lib_a-nano-vfprintf_float.o)
 .rodata._printf_float.str1.4
                0x000000000001c1b0       0x12 d:/mounriver_studio/toolchain/risc-v embedded gcc/bin/../lib/gcc/riscv-none-embed/8.2.0/../../../../riscv-none-embed/lib/rv32imafc/ilp32f\libg_nano.a(lib_a-nano-vfprintf_float.o)
 *fill*         0x000000000001c1c2        0x2 
 .rodata._printf_i.str1.4
                0x000000000001c1c4       0x25 d:/mounriver_studio/toolchain/risc-v embedded gcc/bin/../lib/gcc/riscv-none-embed/8.2.0/../../../../riscv-none-embed/lib/rv32imafc/ilp32f\libg_nano.a(lib_a-nano-vfprintf_i.o)
 *fill*         0x000000000001c1e9        0x7 
 .rodata._dtoa_r.cst8
                0x000000000001c1f0       0x48 d:/mounriver_studio/toolchain/risc-v embedded gcc/bin/../lib/gcc/riscv-none-embed/8.2.0/../../../../riscv-none-embed/lib/rv32imafc/ilp32f\libg_nano.a(lib_a-dtoa.o)
 .rodata._dtoa_r.str1.4
                0x000000000001c238       0x10 d:/mounriver_studio/toolchain/risc-v embedded gcc/bin/../lib/gcc/riscv-none-embed/8.2.0/../../../../riscv-none-embed/lib/rv32imafc/ilp32f\libg_nano.a(lib_a-dtoa.o)
                                         0x12 (size before relaxing)
 .rodata.__sf_fake_stderr
                0x000000000001c248       0x20 d:/mounriver_studio/toolchain/risc-v embedded gcc/bin/../lib/gcc/riscv-none-embed/8.2.0/../../../../riscv-none-embed/lib/rv32imafc/ilp32f\libg_nano.a(lib_a-findfp.o)
                0x000000000001c248                __sf_fake_stderr
 .rodata.__sf_fake_stdin
                0x000000000001c268       0x20 d:/mounriver_studio/toolchain/risc-v embedded gcc/bin/../lib/gcc/riscv-none-embed/8.2.0/../../../../riscv-none-embed/lib/rv32imafc/ilp32f\libg_nano.a(lib_a-findfp.o)
                0x000000000001c268                __sf_fake_stdin
 .rodata.__sf_fake_stdout
                0x000000000001c288       0x20 d:/mounriver_studio/toolchain/risc-v embedded gcc/bin/../lib/gcc/riscv-none-embed/8.2.0/../../../../riscv-none-embed/lib/rv32imafc/ilp32f\libg_nano.a(lib_a-findfp.o)
                0x000000000001c288                __sf_fake_stdout
 .rodata.__mprec_bigtens
                0x000000000001c2a8       0x28 d:/mounriver_studio/toolchain/risc-v embedded gcc/bin/../lib/gcc/riscv-none-embed/8.2.0/../../../../riscv-none-embed/lib/rv32imafc/ilp32f\libg_nano.a(lib_a-mprec.o)
                0x000000000001c2a8                __mprec_bigtens
 .rodata.__mprec_tens
                0x000000000001c2d0       0xc8 d:/mounriver_studio/toolchain/risc-v embedded gcc/bin/../lib/gcc/riscv-none-embed/8.2.0/../../../../riscv-none-embed/lib/rv32imafc/ilp32f\libg_nano.a(lib_a-mprec.o)
                0x000000000001c2d0                __mprec_tens
 .rodata.p05.3321
                0x000000000001c398        0xc d:/mounriver_studio/toolchain/risc-v embedded gcc/bin/../lib/gcc/riscv-none-embed/8.2.0/../../../../riscv-none-embed/lib/rv32imafc/ilp32f\libg_nano.a(lib_a-mprec.o)
 .rodata._svfprintf_r.str1.4
                0x000000000001c3a4       0x13 d:/mounriver_studio/toolchain/risc-v embedded gcc/bin/../lib/gcc/riscv-none-embed/8.2.0/../../../../riscv-none-embed/lib/rv32imafc/ilp32f\libg_nano.a(lib_a-nano-svfprintf.o)
 .rodata._vfprintf_r.str1.4
                0x000000000001c3b7       0x13 d:/mounriver_studio/toolchain/risc-v embedded gcc/bin/../lib/gcc/riscv-none-embed/8.2.0/../../../../riscv-none-embed/lib/rv32imafc/ilp32f\libg_nano.a(lib_a-nano-vfprintf.o)
 *fill*         0x000000000001c3b7        0x1 
 .rodata._setlocale_r.str1.4
                0x000000000001c3b8        0xa d:/mounriver_studio/toolchain/risc-v embedded gcc/bin/../lib/gcc/riscv-none-embed/8.2.0/../../../../riscv-none-embed/lib/rv32imafc/ilp32f\libg_nano.a(lib_a-locale.o)
                                          0xd (size before relaxing)
 *fill*         0x000000000001c3c2        0x2 
 .rodata.str1.4
                0x000000000001c3c4        0x4 d:/mounriver_studio/toolchain/risc-v embedded gcc/bin/../lib/gcc/riscv-none-embed/8.2.0/../../../../riscv-none-embed/lib/rv32imafc/ilp32f\libg_nano.a(lib_a-locale.o)
                                          0x2 (size before relaxing)
 .rodata._ctype_
                0x000000000001c3c8      0x101 d:/mounriver_studio/toolchain/risc-v embedded gcc/bin/../lib/gcc/riscv-none-embed/8.2.0/../../../../riscv-none-embed/lib/rv32imafc/ilp32f\libg_nano.a(lib_a-ctype_.o)
                0x000000000001c3c8                _ctype_
 *(.glue_7)
 *(.glue_7t)
 *(.gnu.linkonce.t.*)
                0x000000000001c4cc                . = ALIGN (0x4)
 *fill*         0x000000000001c4c9        0x3 

.rela.dyn       0x000000000001c4cc        0x0
 .rela.text.main
                0x000000000001c4cc        0x0 ./zf_driver/zf_driver_delay.o
 .rela.init     0x000000000001c4cc        0x0 ./zf_driver/zf_driver_delay.o
 .rela.vector   0x000000000001c4cc        0x0 ./zf_driver/zf_driver_delay.o
 .rela.text.handle_reset
                0x000000000001c4cc        0x0 ./zf_driver/zf_driver_delay.o
 .rela.text._sbrk_r
                0x000000000001c4cc        0x0 ./zf_driver/zf_driver_delay.o
 .rela.text._svfprintf_r
                0x000000000001c4cc        0x0 ./zf_driver/zf_driver_delay.o
 .rela.text._vfprintf_r
                0x000000000001c4cc        0x0 ./zf_driver/zf_driver_delay.o
 .rela.text._write_r
                0x000000000001c4cc        0x0 ./zf_driver/zf_driver_delay.o
 .rela.text._close_r
                0x000000000001c4cc        0x0 ./zf_driver/zf_driver_delay.o
 .rela.text._lseek_r
                0x000000000001c4cc        0x0 ./zf_driver/zf_driver_delay.o
 .rela.text._read_r
                0x000000000001c4cc        0x0 ./zf_driver/zf_driver_delay.o
 .rela.text._fstat_r
                0x000000000001c4cc        0x0 ./zf_driver/zf_driver_delay.o
 .rela.text._isatty_r
                0x000000000001c4cc        0x0 ./zf_driver/zf_driver_delay.o
 .rela.text._close
                0x000000000001c4cc        0x0 ./zf_driver/zf_driver_delay.o
 .rela.text._fstat
                0x000000000001c4cc        0x0 ./zf_driver/zf_driver_delay.o
 .rela.text._isatty
                0x000000000001c4cc        0x0 ./zf_driver/zf_driver_delay.o
 .rela.text._lseek
                0x000000000001c4cc        0x0 ./zf_driver/zf_driver_delay.o
 .rela.text._read
                0x000000000001c4cc        0x0 ./zf_driver/zf_driver_delay.o
 .rela.text._sbrk
                0x000000000001c4cc        0x0 ./zf_driver/zf_driver_delay.o

.fini           0x000000000001c4cc        0x0
 *(SORT_NONE(.fini))
                0x000000000001c4cc                . = ALIGN (0x4)
                [!provide]                        PROVIDE (_etext = .)
                [!provide]                        PROVIDE (_eitcm = .)

.preinit_array  0x000000000001c4cc        0x0
                [!provide]                        PROVIDE (__preinit_array_start = .)
 *(.preinit_array)
                [!provide]                        PROVIDE (__preinit_array_end = .)

.init_array     0x000000000001c4cc        0x0
                [!provide]                        PROVIDE (__init_array_start = .)
 *(SORT_BY_INIT_PRIORITY(.init_array.*) SORT_BY_INIT_PRIORITY(.ctors.*))
 *(.init_array EXCLUDE_FILE(*crtend?.o *crtend.o *crtbegin?.o *crtbegin.o) .ctors)
                [!provide]                        PROVIDE (__init_array_end = .)

.fini_array     0x000000000001c4cc        0x0
                [!provide]                        PROVIDE (__fini_array_start = .)
 *(SORT_BY_INIT_PRIORITY(.fini_array.*) SORT_BY_INIT_PRIORITY(.dtors.*))
 *(.fini_array EXCLUDE_FILE(*crtend?.o *crtend.o *crtbegin?.o *crtbegin.o) .dtors)
                [!provide]                        PROVIDE (__fini_array_end = .)

.ctors
 *crtbegin.o(.ctors)
 *crtbegin?.o(.ctors)
 *(EXCLUDE_FILE(*crtend?.o *crtend.o) .ctors)
 *(SORT_BY_NAME(.ctors.*))
 *(.ctors)

.dtors
 *crtbegin.o(.dtors)
 *crtbegin?.o(.dtors)
 *(EXCLUDE_FILE(*crtend?.o *crtend.o) .dtors)
 *(SORT_BY_NAME(.dtors.*))
 *(.dtors)

.dalign         0x0000000020000040        0x0 load address 0x000000000001c4cc
                0x0000000020000040                . = ALIGN (0x4)
                0x0000000020000040                PROVIDE (_data_vma = .)

.dlalign        0x000000000001c4cc        0x0
                0x000000000001c4cc                . = ALIGN (0x4)
                0x000000000001c4cc                PROVIDE (_data_lma = .)

.data           0x0000000020000040      0x290 load address 0x000000000001c4cc
 *(.gnu.linkonce.r.*)
 *(.data .data.*)
 .data.gpio_group
                0x0000000020000040       0x14 ./zf_driver/zf_driver_gpio.o
                0x0000000020000040                gpio_group
 .data.APBAHBPrescTable
                0x0000000020000054       0x10 ./sdk/Peripheral/ch32v30x_rcc.o
 .data.TAB_USB_FS_OSC_DESC
                0x0000000020000064       0x43 ./sdk/Peripheral/ch32v30x_usbotg_device.o
                0x0000000020000064                TAB_USB_FS_OSC_DESC
 *fill*         0x00000000200000a7        0x1 
 .data.impure_data
                0x00000000200000a8       0x60 d:/mounriver_studio/toolchain/risc-v embedded gcc/bin/../lib/gcc/riscv-none-embed/8.2.0/../../../../riscv-none-embed/lib/rv32imafc/ilp32f\libg_nano.a(lib_a-impure.o)
 .data.__global_locale
                0x0000000020000108      0x16c d:/mounriver_studio/toolchain/risc-v embedded gcc/bin/../lib/gcc/riscv-none-embed/8.2.0/../../../../riscv-none-embed/lib/rv32imafc/ilp32f\libg_nano.a(lib_a-locale.o)
                0x0000000020000108                __global_locale
 *(.gnu.linkonce.d.*)
                0x0000000020000278                . = ALIGN (0x8)
 *fill*         0x0000000020000274        0x4 
                0x0000000020000a78                PROVIDE (__global_pointer$ = (. + 0x800))
 *(.sdata .sdata.*)
 .sdata.dm1xa_distance_mm
                0x0000000020000278        0x2 ./zf_device/zf_device_dm1xa.o
 *fill*         0x000000002000027a        0x2 
 .sdata.mt9v03x_type
                0x000000002000027c        0x4 ./zf_device/zf_device_mt9v03x_dvp.o
 .sdata.tft180_pencolor
                0x0000000020000280        0x2 ./zf_device/zf_device_tft180.o
 .sdata.tft180_bgcolor
                0x0000000020000282        0x2 ./zf_device/zf_device_tft180.o
 .sdata.tft180_display_font
                0x0000000020000284        0x4 ./zf_device/zf_device_tft180.o
 .sdata.tft180_x_max
                0x0000000020000288        0x1 ./zf_device/zf_device_tft180.o
 .sdata.tft180_y_max
                0x0000000020000289        0x1 ./zf_device/zf_device_tft180.o
 *fill*         0x000000002000028a        0x2 
 .sdata.camera_uart_handler
                0x000000002000028c        0x4 ./zf_device/zf_device_type.o
                0x000000002000028c                camera_uart_handler
 .sdata.camera_dvp_handler
                0x0000000020000290        0x4 ./zf_device/zf_device_type.o
                0x0000000020000290                camera_dvp_handler
 .sdata.wireless_module_uart_handler
                0x0000000020000294        0x4 ./zf_device/zf_device_type.o
                0x0000000020000294                wireless_module_uart_handler
 .sdata.tof_module_exti_handler
                0x0000000020000298        0x4 ./zf_device/zf_device_type.o
                0x0000000020000298                tof_module_exti_handler
 .sdata.system_clock
                0x000000002000029c        0x4 ./zf_common/zf_common_clock.o
                0x000000002000029c                system_clock
 .sdata.zf_debug_assert_enable
                0x00000000200002a0        0x1 ./zf_common/zf_common_debug.o
 .sdata.show_flag
                0x00000000200002a1        0x1 ./user_c/main000.o
                0x00000000200002a1                show_flag
 *fill*         0x00000000200002a2        0x2 
 .sdata.ADCPrescTable
                0x00000000200002a4        0x4 ./sdk/Peripheral/ch32v30x_rcc.o
 .sdata.USBHD_Dev_Speed
                0x00000000200002a8        0x1 ./sdk/Peripheral/ch32v30x_usbotg_device.o
                0x00000000200002a8                USBHD_Dev_Speed
 *fill*         0x00000000200002a9        0x3 
 .sdata.LineCoding
                0x00000000200002ac        0x7 ./sdk/Peripheral/ch32v30x_usbotg_device.o
                0x00000000200002ac                LineCoding
 .sdata.left_roundabout_discerning
                0x00000000200002b3        0x1 ./code/img.o
                0x00000000200002b3                left_roundabout_discerning
 .sdata.left_roundabout_in_left_repair_line
                0x00000000200002b4        0x1 ./code/img.o
                0x00000000200002b4                left_roundabout_in_left_repair_line
 .sdata.left_roundabout_in_right_repair_line
                0x00000000200002b5        0x1 ./code/img.o
                0x00000000200002b5                left_roundabout_in_right_repair_line
 .sdata.left_roundabout_out_right_repair_line
                0x00000000200002b6        0x1 ./code/img.o
                0x00000000200002b6                left_roundabout_out_right_repair_line
 .sdata.right_roundabout_discerning
                0x00000000200002b7        0x1 ./code/img.o
                0x00000000200002b7                right_roundabout_discerning
 .sdata.right_roundabout_in_right_repair_line
                0x00000000200002b8        0x1 ./code/img.o
                0x00000000200002b8                right_roundabout_in_right_repair_line
 .sdata.right_roundabout_in_left_repair_line
                0x00000000200002b9        0x1 ./code/img.o
                0x00000000200002b9                right_roundabout_in_left_repair_line
 .sdata.right_roundabout_out_left_repair_line
                0x00000000200002ba        0x1 ./code/img.o
                0x00000000200002ba                right_roundabout_out_left_repair_line
 *fill*         0x00000000200002bb        0x1 
 .sdata._impure_ptr
                0x00000000200002bc        0x4 d:/mounriver_studio/toolchain/risc-v embedded gcc/bin/../lib/gcc/riscv-none-embed/8.2.0/../../../../riscv-none-embed/lib/rv32imafc/ilp32f\libg_nano.a(lib_a-impure.o)
                0x00000000200002bc                _impure_ptr
 *(.sdata2.*)
 .sdata2.uart_irq
                0x00000000200002c0        0x8 ./zf_driver/zf_driver_uart.o
                0x00000000200002c0                uart_irq
 .sdata2.MyLangDescrHD
                0x00000000200002c8        0x4 ./sdk/Peripheral/ch32v30x_usbotg_device.o
                0x00000000200002c8                MyLangDescrHD
 .sdata2._global_impure_ptr
                0x00000000200002cc        0x4 d:/mounriver_studio/toolchain/risc-v embedded gcc/bin/../lib/gcc/riscv-none-embed/8.2.0/../../../../riscv-none-embed/lib/rv32imafc/ilp32f\libg_nano.a(lib_a-impure.o)
                0x00000000200002cc                _global_impure_ptr
 *(.gnu.linkonce.s.*)
                0x00000000200002d0                . = ALIGN (0x8)
 *(.srodata.cst16)
 *(.srodata.cst8)
 *(.srodata.cst4)
 *(.srodata.cst2)
 *(.srodata .srodata.*)
                0x00000000200002d0                . = ALIGN (0x4)
                0x00000000200002d0                PROVIDE (_edata = .)

.bss            0x00000000200002d0     0x72b0 load address 0x000000000001c75c
                0x00000000200002d0                . = ALIGN (0x4)
                0x00000000200002d0                PROVIDE (_sbss = .)
 *(.sbss*)
 .sbss.dm1xa_plus_count
                0x00000000200002d0        0x4 ./zf_device/zf_device_dm1xa.o
 .sbss.dm1xa_type
                0x00000000200002d4        0x4 ./zf_device/zf_device_dm1xa.o
 .sbss.dm1xa_ranging_state
                0x00000000200002d8        0x4 ./zf_device/zf_device_dm1xa.o
 .sbss.gnss_flag
                0x00000000200002dc        0x1 ./zf_device/zf_device_gnss.o
                0x00000000200002dc                gnss_flag
 .sbss.gnss_state
                0x00000000200002dd        0x1 ./zf_device/zf_device_gnss.o
 *fill*         0x00000000200002de        0x2 
 .sbss.gnss_gga_state
                0x00000000200002e0        0x4 ./zf_device/zf_device_gnss.o
 .sbss.gnss_rmc_state
                0x00000000200002e4        0x4 ./zf_device/zf_device_gnss.o
 .sbss.gnss_ths_state
                0x00000000200002e8        0x4 ./zf_device/zf_device_gnss.o
 .sbss.mt9v03x_finish_flag
                0x00000000200002ec        0x1 ./zf_device/zf_device_mt9v03x_dvp.o
                0x00000000200002ec                mt9v03x_finish_flag
 *fill*         0x00000000200002ed        0x3 
 .sbss.camera_receiver_fifo
                0x00000000200002f0        0x4 ./zf_device/zf_device_mt9v03x_dvp.o
 .sbss.mt9v03x_version
                0x00000000200002f4        0x2 ./zf_device/zf_device_mt9v03x_dvp.o
 *fill*         0x00000000200002f6        0x2 
 .sbss.tft180_display_dir
                0x00000000200002f8        0x4 ./zf_device/zf_device_tft180.o
 .sbss.camera_type
                0x00000000200002fc        0x4 ./zf_device/zf_device_type.o
                0x00000000200002fc                camera_type
 .sbss.debug_uart_data
                0x0000000020000300        0x1 ./zf_common/zf_common_debug.o
                0x0000000020000300                debug_uart_data
 .sbss.zf_debug_init_flag
                0x0000000020000301        0x1 ./zf_common/zf_common_debug.o
 .sbss.assert_nest_index.5044
                0x0000000020000302        0x1 ./zf_common/zf_common_debug.o
 *fill*         0x0000000020000303        0x1 
 .sbss.interrupt_nest_count
                0x0000000020000304        0x4 ./zf_common/zf_common_interrupt.o
 .sbss.exposure
                0x0000000020000308        0x1 ./user_c/main000.o
                0x0000000020000308                exposure
 .sbss.Rx_flag  0x0000000020000309        0x1 ./user_c/main000.o
                0x0000000020000309                Rx_flag
 *fill*         0x000000002000030a        0x2 
 .sbss.mid_error_out
                0x000000002000030c        0x4 ./user_c/main000.o
                0x000000002000030c                mid_error_out
 .sbss.EP0_DatabufHD
                0x0000000020000310        0x8 ./sdk/Peripheral/ch32v30x_usbotg_device.o
                0x0000000020000310                EP0_DatabufHD
 .sbss.pEP0_RAM_Addr
                0x0000000020000318        0x4 ./sdk/Peripheral/ch32v30x_usbotg_device.o
                0x0000000020000318                pEP0_RAM_Addr
 .sbss.pEP1_RAM_Addr
                0x000000002000031c        0x4 ./sdk/Peripheral/ch32v30x_usbotg_device.o
                0x000000002000031c                pEP1_RAM_Addr
 .sbss.pEP2_RAM_Addr
                0x0000000020000320        0x4 ./sdk/Peripheral/ch32v30x_usbotg_device.o
                0x0000000020000320                pEP2_RAM_Addr
 .sbss.pDescr   0x0000000020000324        0x4 ./sdk/Peripheral/ch32v30x_usbotg_device.o
                0x0000000020000324                pDescr
 .sbss.USBHD_Dev_SetupReqLen
                0x0000000020000328        0x2 ./sdk/Peripheral/ch32v30x_usbotg_device.o
                0x0000000020000328                USBHD_Dev_SetupReqLen
 .sbss.USBHD_Dev_SleepStatus
                0x000000002000032a        0x1 ./sdk/Peripheral/ch32v30x_usbotg_device.o
                0x000000002000032a                USBHD_Dev_SleepStatus
 .sbss.DevConfig
                0x000000002000032b        0x1 ./sdk/Peripheral/ch32v30x_usbotg_device.o
                0x000000002000032b                DevConfig
 .sbss.SetupReqCode
                0x000000002000032c        0x1 ./sdk/Peripheral/ch32v30x_usbotg_device.o
                0x000000002000032c                SetupReqCode
 *fill*         0x000000002000032d        0x1 
 .sbss.SetupReqLen
                0x000000002000032e        0x2 ./sdk/Peripheral/ch32v30x_usbotg_device.o
                0x000000002000032e                SetupReqLen
 .sbss.cross_time
                0x0000000020000330        0x4 ./code/cross.o
                0x0000000020000330                cross_time
 .sbss.img_thread
                0x0000000020000334        0x1 ./code/img.o
                0x0000000020000334                img_thread
 *fill*         0x0000000020000335        0x3 
 .sbss.firstloseline_left
                0x0000000020000338        0x4 ./code/img.o
                0x0000000020000338                firstloseline_left
 .sbss.firstloseline_right
                0x000000002000033c        0x4 ./code/img.o
                0x000000002000033c                firstloseline_right
 .sbss.finalloseline_right
                0x0000000020000340        0x4 ./code/img.o
                0x0000000020000340                finalloseline_right
 .sbss.finalloseline_left
                0x0000000020000344        0x4 ./code/img.o
                0x0000000020000344                finalloseline_left
 .sbss.finalloseline
                0x0000000020000348        0x4 ./code/img.o
                0x0000000020000348                finalloseline
 .sbss.loserightflag
                0x000000002000034c        0x4 ./code/img.o
                0x000000002000034c                loserightflag
 .sbss.loseleftflag
                0x0000000020000350        0x4 ./code/img.o
                0x0000000020000350                loseleftflag
 .sbss.flag_send
                0x0000000020000354        0x1 ./code/img.o
                0x0000000020000354                flag_send
 .sbss.left_turn_flag
                0x0000000020000355        0x1 ./code/img.o
                0x0000000020000355                left_turn_flag
 .sbss.right_turn_flag
                0x0000000020000356        0x1 ./code/img.o
                0x0000000020000356                right_turn_flag
 .sbss.cross_full_flag
                0x0000000020000357        0x1 ./code/img.o
                0x0000000020000357                cross_full_flag
 .sbss.cross_half_flag
                0x0000000020000358        0x1 ./code/img.o
                0x0000000020000358                cross_half_flag
 *fill*         0x0000000020000359        0x3 
 .sbss.left_turn_cross_flag
                0x000000002000035c        0x4 ./code/img.o
                0x000000002000035c                left_turn_cross_flag
 .sbss.right_turn_cross_flag
                0x0000000020000360        0x4 ./code/img.o
                0x0000000020000360                right_turn_cross_flag
 .sbss.cross_after_turn_flag
                0x0000000020000364        0x4 ./code/img.o
                0x0000000020000364                cross_after_turn_flag
 .sbss.left_cross_end_frame_flag
                0x0000000020000368        0x1 ./code/img.o
                0x0000000020000368                left_cross_end_frame_flag
 *fill*         0x0000000020000369        0x3 
 .sbss.left_cross_end_frame_count
                0x000000002000036c        0x4 ./code/img.o
                0x000000002000036c                left_cross_end_frame_count
 .sbss.right_cross_end_frame_flag
                0x0000000020000370        0x1 ./code/img.o
                0x0000000020000370                right_cross_end_frame_flag
 *fill*         0x0000000020000371        0x3 
 .sbss.right_cross_end_frame_count
                0x0000000020000374        0x4 ./code/img.o
                0x0000000020000374                right_cross_end_frame_count
 .sbss.Left_Roundabout_State
                0x0000000020000378        0x4 ./code/img.o
                0x0000000020000378                Left_Roundabout_State
 .sbss.Right_Roundabout_State
                0x000000002000037c        0x4 ./code/img.o
                0x000000002000037c                Right_Roundabout_State
 .sbss.time_in  0x0000000020000380        0x4 ./code/img.o
                0x0000000020000380                time_in
 .sbss.LEFT_Roundabout_State_step
                0x0000000020000384        0x4 ./code/img.o
                0x0000000020000384                LEFT_Roundabout_State_step
 .sbss.left_roundabout_flag
                0x0000000020000388        0x1 ./code/img.o
                0x0000000020000388                left_roundabout_flag
 *fill*         0x0000000020000389        0x3 
 .sbss.left_roundabout_discern_flag_count
                0x000000002000038c        0x4 ./code/img.o
                0x000000002000038c                left_roundabout_discern_flag_count
 .sbss.left_roundabout_only_up_point_flag
                0x0000000020000390        0x1 ./code/img.o
                0x0000000020000390                left_roundabout_only_up_point_flag
 *fill*         0x0000000020000391        0x3 
 .sbss.left_roundabout_only_up_point_count
                0x0000000020000394        0x4 ./code/img.o
                0x0000000020000394                left_roundabout_only_up_point_count
 .sbss.left_roundabout_state1_repairline_count
                0x0000000020000398        0x4 ./code/img.o
                0x0000000020000398                left_roundabout_state1_repairline_count
 .sbss.left_roundabout_state1_repairline_to_end
                0x000000002000039c        0x1 ./code/img.o
                0x000000002000039c                left_roundabout_state1_repairline_to_end
 *fill*         0x000000002000039d        0x3 
 .sbss.left_roundabout_state2_left_repairline_count
                0x00000000200003a0        0x4 ./code/img.o
                0x00000000200003a0                left_roundabout_state2_left_repairline_count
 .sbss.left_roundabout_in_left_repair_line_count
                0x00000000200003a4        0x4 ./code/img.o
                0x00000000200003a4                left_roundabout_in_left_repair_line_count
 .sbss.left_roundabout_in_change_angle
                0x00000000200003a8        0x1 ./code/img.o
                0x00000000200003a8                left_roundabout_in_change_angle
 *fill*         0x00000000200003a9        0x3 
 .sbss.left_roundabout_to_in_count
                0x00000000200003ac        0x4 ./code/img.o
                0x00000000200003ac                left_roundabout_to_in_count
 .sbss.left_roundabout_in_flag
                0x00000000200003b0        0x1 ./code/img.o
                0x00000000200003b0                left_roundabout_in_flag
 *fill*         0x00000000200003b1        0x3 
 .sbss.left_roundabout_in_to_out_count
                0x00000000200003b4        0x4 ./code/img.o
                0x00000000200003b4                left_roundabout_in_to_out_count
 .sbss.right_break_point_y_to_out
                0x00000000200003b8        0x4 ./code/img.o
                0x00000000200003b8                right_break_point_y_to_out
 .sbss.left_roundabout_to_out_flag
                0x00000000200003bc        0x1 ./code/img.o
                0x00000000200003bc                left_roundabout_to_out_flag
 *fill*         0x00000000200003bd        0x3 
 .sbss.left_roundabout_to_out_flag_count
                0x00000000200003c0        0x4 ./code/img.o
                0x00000000200003c0                left_roundabout_to_out_flag_count
 .sbss.left_roundabout_out_left_repair_line
                0x00000000200003c4        0x1 ./code/img.o
                0x00000000200003c4                left_roundabout_out_left_repair_line
 .sbss.left_roundabout_out_flag
                0x00000000200003c5        0x1 ./code/img.o
                0x00000000200003c5                left_roundabout_out_flag
 .sbss.find_roundabout_left_down
                0x00000000200003c6        0x1 ./code/img.o
                0x00000000200003c6                find_roundabout_left_down
 .sbss.find_roundabout_left_up
                0x00000000200003c7        0x1 ./code/img.o
                0x00000000200003c7                find_roundabout_left_up